<html>
<body>
<pre>
<h1>µVision Build Log</h1>
<h2>Tool Versions:</h2>
IDE-Version: ¦ÌVision V5.18.0.0
Copyright (C) 2016 ARM Ltd and ARM Germany GmbH. All rights reserved.
License Information: aa Administrator, b, LIC=RC93N-YHDJQ-MMJ9I-T8AT3-6GJ9D-BF7KP
 
Tool Versions:
Toolchain:       MDK-ARM Plus  Version: 5.14.0.0
Toolchain Path:  D:\Tools\Keil5\Keil5_install\ARM\ARMCC\Bin
C Compiler:      Armcc.exe V5.05 update 1 (build 106)
Assembler:       Armasm.exe V5.05 update 1 (build 106)
Linker/Locator:  ArmLink.exe V5.05 update 1 (build 106)
Library Manager: ArmAr.exe V5.05 update 1 (build 106)
Hex Converter:   FromElf.exe V5.05 update 1 (build 106)
CPU DLL:         SARMCM3.DLL V5.14.0.0
Dialog DLL:      DCM.DLL V1.13.1.0
Target DLL:      STLink\ST-LINKIII-KEIL_SWO.dll V2.0.14.0_KEIL
Dialog DLL:      TCM.DLL V1.14.4.0
 
<h2>Project:</h2>
E:\Hardware\stm32_Modbus\FreeModBus\STM32F4_FreeModbus\stm32ÒÆÖ²FreeModbus\stm32f4_FreeModbus\USER\Template.uvprojx
Project File Date:  05/05/2024

<h2>Output:</h2>
*** Using Compiler 'V5.05 update 1 (build 106)', folder: 'D:\Tools\Keil5\Keil5_install\ARM\ARMCC\Bin'
Rebuild target 'Template'
assembling startup_stm32f40_41xxx.s...
compiling led.c...
compiling misc.c...
compiling stm32f4xx_rcc.c...
compiling stm32f4xx_gpio.c...
compiling tim.c...
compiling stm32f4xx_usart.c...
compiling stm32f4xx_it.c...
compiling system_stm32f4xx.c...
compiling usart.c...
..\HARDWARE\USART\usart.c(158): warning:  #550-D: variable "d" was set but never used
  	uint8_t d;
..\HARDWARE\USART\usart.c: 1 warning, 0 errors
compiling main.c...
compiling stm32f4xx_tim.c...
compiling mbfuncdiag.c...
compiling sys.c...
compiling delay.c...
compiling mbcrc.c...
compiling mbfuncinput.c...
compiling mbfuncdisc.c...
compiling mb.c...
compiling mbfunccoils.c...
compiling mbrtu.c...
..\freemodbus\modbus\rtu\mbrtu.c(157): warning:  #550-D: variable "xFrameReceived" was set but never used
      BOOL            xFrameReceived = FALSE;
..\freemodbus\modbus\rtu\mbrtu.c: 1 warning, 0 errors
compiling mbfuncholding.c...
compiling mbfuncother.c...
compiling mbutils.c...
compiling mbascii.c...
compiling portevent.c...
compiling portserial.c...
compiling porttimer.c...
linking...
Program Size: Code=6474 RO-data=978 RW-data=248 ZI-data=25000  
FromELF: creating hex file...
"..\OBJ\Template.axf" - 0 Error(s), 2 Warning(s).

<h2>Collection of Component include folders:</h2>
  E:\Hardware\stm32_Modbus\FreeModBus\STM32F4_FreeModbus\stm32ÒÆÖ²FreeModbus\stm32f4_FreeModbus\USER\RTE
  D:\Tools\Keil5\ARM_Packs\Keil\STM32F4xx_DFP\1.0.8\Device\Include

<h2>Collection of Component Files used:</h2>
Build Time Elapsed:  00:00:03
</pre>
</body>
</html>
