Component: ARM Compiler 5.05 update 1 (build 106) Tool: armlink [4d0efa]

==============================================================================

Section Cross References

    main.o(i.eMBRegCoilsCB) refers to _printf_percent.o(.ARM.Collect$$_printf_percent$$00000000) for _printf_percent
    main.o(i.eMBRegCoilsCB) refers to _printf_x.o(.ARM.Collect$$_printf_percent$$0000000C) for _printf_x
    main.o(i.eMBRegCoilsCB) refers to _printf_hex_int.o(.text) for _printf_longlong_hex
    main.o(i.eMBRegCoilsCB) refers to noretval__2printf.o(.text) for __2printf
    main.o(i.eMBRegCoilsCB) refers to main.o(.bss) for .bss
    main.o(i.eMBRegDiscreteCB) refers to noretval__2printf.o(.text) for __2printf
    main.o(i.eMBRegDiscreteCB) refers to main.o(.bss) for .bss
    main.o(i.eMBRegHoldingCB) refers to _printf_percent.o(.ARM.Collect$$_printf_percent$$00000000) for _printf_percent
    main.o(i.eMBRegHoldingCB) refers to _printf_x.o(.ARM.Collect$$_printf_percent$$0000000C) for _printf_x
    main.o(i.eMBRegHoldingCB) refers to _printf_hex_int.o(.text) for _printf_longlong_hex
    main.o(i.eMBRegHoldingCB) refers to noretval__2printf.o(.text) for __2printf
    main.o(i.eMBRegHoldingCB) refers to main.o(.data) for .data
    main.o(i.eMBRegInputCB) refers to noretval__2printf.o(.text) for __2printf
    main.o(i.eMBRegInputCB) refers to main.o(.bss) for .bss
    main.o(i.main) refers to led.o(i.led_init) for led_init
    main.o(i.main) refers to misc.o(i.NVIC_PriorityGroupConfig) for NVIC_PriorityGroupConfig
    main.o(i.main) refers to tim.o(i.tim3_init) for tim3_init
    main.o(i.main) refers to usart.o(i.usart1_init) for usart1_init
    main.o(i.main) refers to usart.o(i.rs485_init) for rs485_init
    main.o(i.main) refers to mb.o(i.eMBInit) for eMBInit
    main.o(i.main) refers to mb.o(i.eMBEnable) for eMBEnable
    main.o(i.main) refers to noretval__2printf.o(.text) for __2printf
    main.o(i.main) refers to mb.o(i.eMBPoll) for eMBPoll
    system_stm32f4xx.o(i.SystemCoreClockUpdate) refers to system_stm32f4xx.o(.data) for .data
    system_stm32f4xx.o(i.SystemInit) refers to system_stm32f4xx.o(i.SetSysClock) for SetSysClock
    startup_stm32f40_41xxx.o(STACK) refers (Special) to heapauxi.o(.text) for __use_two_region_memory
    startup_stm32f40_41xxx.o(HEAP) refers (Special) to heapauxi.o(.text) for __use_two_region_memory
    startup_stm32f40_41xxx.o(RESET) refers (Special) to heapauxi.o(.text) for __use_two_region_memory
    startup_stm32f40_41xxx.o(RESET) refers to startup_stm32f40_41xxx.o(STACK) for __initial_sp
    startup_stm32f40_41xxx.o(RESET) refers to startup_stm32f40_41xxx.o(.text) for Reset_Handler
    startup_stm32f40_41xxx.o(RESET) refers to stm32f4xx_it.o(i.NMI_Handler) for NMI_Handler
    startup_stm32f40_41xxx.o(RESET) refers to stm32f4xx_it.o(i.HardFault_Handler) for HardFault_Handler
    startup_stm32f40_41xxx.o(RESET) refers to stm32f4xx_it.o(i.MemManage_Handler) for MemManage_Handler
    startup_stm32f40_41xxx.o(RESET) refers to stm32f4xx_it.o(i.BusFault_Handler) for BusFault_Handler
    startup_stm32f40_41xxx.o(RESET) refers to stm32f4xx_it.o(i.UsageFault_Handler) for UsageFault_Handler
    startup_stm32f40_41xxx.o(RESET) refers to stm32f4xx_it.o(i.SVC_Handler) for SVC_Handler
    startup_stm32f40_41xxx.o(RESET) refers to stm32f4xx_it.o(i.DebugMon_Handler) for DebugMon_Handler
    startup_stm32f40_41xxx.o(RESET) refers to tim.o(i.TIM3_IRQHandler) for TIM3_IRQHandler
    startup_stm32f40_41xxx.o(RESET) refers to usart.o(i.USART1_IRQHandler) for USART1_IRQHandler
    startup_stm32f40_41xxx.o(RESET) refers to usart.o(i.USART2_IRQHandler) for USART2_IRQHandler
    startup_stm32f40_41xxx.o(.text) refers (Special) to heapauxi.o(.text) for __use_two_region_memory
    startup_stm32f40_41xxx.o(.text) refers to system_stm32f4xx.o(i.SystemInit) for SystemInit
    startup_stm32f40_41xxx.o(.text) refers to __main.o(!!!main) for __main
    startup_stm32f40_41xxx.o(.text) refers to startup_stm32f40_41xxx.o(HEAP) for Heap_Mem
    startup_stm32f40_41xxx.o(.text) refers to startup_stm32f40_41xxx.o(STACK) for Stack_Mem
    stm32f4xx_gpio.o(i.GPIO_DeInit) refers to stm32f4xx_rcc.o(i.RCC_AHB1PeriphResetCmd) for RCC_AHB1PeriphResetCmd
    stm32f4xx_rcc.o(i.RCC_GetClocksFreq) refers to stm32f4xx_rcc.o(.data) for .data
    stm32f4xx_rcc.o(i.RCC_WaitForHSEStartUp) refers to stm32f4xx_rcc.o(i.RCC_GetFlagStatus) for RCC_GetFlagStatus
    stm32f4xx_usart.o(i.USART_DeInit) refers to stm32f4xx_rcc.o(i.RCC_APB2PeriphResetCmd) for RCC_APB2PeriphResetCmd
    stm32f4xx_usart.o(i.USART_DeInit) refers to stm32f4xx_rcc.o(i.RCC_APB1PeriphResetCmd) for RCC_APB1PeriphResetCmd
    stm32f4xx_usart.o(i.USART_Init) refers to stm32f4xx_rcc.o(i.RCC_GetClocksFreq) for RCC_GetClocksFreq
    stm32f4xx_tim.o(i.TIM_DeInit) refers to stm32f4xx_rcc.o(i.RCC_APB2PeriphResetCmd) for RCC_APB2PeriphResetCmd
    stm32f4xx_tim.o(i.TIM_DeInit) refers to stm32f4xx_rcc.o(i.RCC_APB1PeriphResetCmd) for RCC_APB1PeriphResetCmd
[...]
    Removing stm32f4xx_tim.o(i.TIM_OC2Init), (128 bytes).
    Removing stm32f4xx_tim.o(i.TIM_OC2NPolarityConfig), (20 bytes).
    Removing stm32f4xx_tim.o(i.TIM_OC2PolarityConfig), (20 bytes).
    Removing stm32f4xx_tim.o(i.TIM_OC2PreloadConfig), (20 bytes).
    Removing stm32f4xx_tim.o(i.TIM_OC3FastConfig), (12 bytes).
    Removing stm32f4xx_tim.o(i.TIM_OC3Init), (124 bytes).
    Removing stm32f4xx_tim.o(i.TIM_OC3NPolarityConfig), (20 bytes).
    Removing stm32f4xx_tim.o(i.TIM_OC3PolarityConfig), (20 bytes).
    Removing stm32f4xx_tim.o(i.TIM_OC3PreloadConfig), (12 bytes).
    Removing stm32f4xx_tim.o(i.TIM_OC4FastConfig), (20 bytes).
    Removing stm32f4xx_tim.o(i.TIM_OC4Init), (96 bytes).
    Removing stm32f4xx_tim.o(i.TIM_OC4PolarityConfig), (20 bytes).
    Removing stm32f4xx_tim.o(i.TIM_OC4PreloadConfig), (20 bytes).
    Removing stm32f4xx_tim.o(i.TIM_OCStructInit), (20 bytes).
    Removing stm32f4xx_tim.o(i.TIM_PWMIConfig), (108 bytes).
    Removing stm32f4xx_tim.o(i.TIM_PrescalerConfig), (6 bytes).
    Removing stm32f4xx_tim.o(i.TIM_RemapConfig), (6 bytes).
    Removing stm32f4xx_tim.o(i.TIM_SelectCCDMA), (20 bytes).
    Removing stm32f4xx_tim.o(i.TIM_SelectCOM), (20 bytes).
    Removing stm32f4xx_tim.o(i.TIM_SelectHallSensor), (20 bytes).
    Removing stm32f4xx_tim.o(i.TIM_SelectInputTrigger), (12 bytes).
    Removing stm32f4xx_tim.o(i.TIM_SelectMasterSlaveMode), (16 bytes).
    Removing stm32f4xx_tim.o(i.TIM_SelectOCxM), (74 bytes).
    Removing stm32f4xx_tim.o(i.TIM_SelectOnePulseMode), (16 bytes).
    Removing stm32f4xx_tim.o(i.TIM_SelectOutputTrigger), (16 bytes).
    Removing stm32f4xx_tim.o(i.TIM_SelectSlaveMode), (16 bytes).
    Removing stm32f4xx_tim.o(i.TIM_SetAutoreload), (4 bytes).
    Removing stm32f4xx_tim.o(i.TIM_SetClockDivision), (16 bytes).
    Removing stm32f4xx_tim.o(i.TIM_SetCompare1), (4 bytes).
    Removing stm32f4xx_tim.o(i.TIM_SetCompare2), (4 bytes).
    Removing stm32f4xx_tim.o(i.TIM_SetCompare3), (4 bytes).
    Removing stm32f4xx_tim.o(i.TIM_SetCompare4), (4 bytes).
    Removing stm32f4xx_tim.o(i.TIM_SetIC1Prescaler), (16 bytes).
    Removing stm32f4xx_tim.o(i.TIM_SetIC2Prescaler), (24 bytes).
    Removing stm32f4xx_tim.o(i.TIM_SetIC3Prescaler), (16 bytes).
    Removing stm32f4xx_tim.o(i.TIM_SetIC4Prescaler), (24 bytes).
    Removing stm32f4xx_tim.o(i.TIM_TIxExternalClockConfig), (46 bytes).
    Removing stm32f4xx_tim.o(i.TIM_TimeBaseStructInit), (18 bytes).
    Removing stm32f4xx_tim.o(i.TIM_UpdateDisableConfig), (20 bytes).
    Removing stm32f4xx_tim.o(i.TIM_UpdateRequestConfig), (20 bytes).
    Removing usart.o(.rev16_text), (4 bytes).
    Removing usart.o(.revsh_text), (4 bytes).
    Removing usart.o(i.rs485_send_bytes), (92 bytes).
    Removing usart.o(i.usart1_send_bytes), (52 bytes).
    Removing usart.o(.data), (4 bytes).
    Removing tim.o(.rev16_text), (4 bytes).
    Removing tim.o(.revsh_text), (4 bytes).
    Removing led.o(.rev16_text), (4 bytes).
    Removing led.o(.revsh_text), (4 bytes).
    Removing sys.o(.rev16_text), (4 bytes).
    Removing sys.o(.revsh_text), (4 bytes).
    Removing sys.o(.emb_text), (16 bytes).
    Removing delay.o(.rev16_text), (4 bytes).
    Removing delay.o(.revsh_text), (4 bytes).
    Removing delay.o(i.delay_us), (60 bytes).
    Removing mb.o(.rev16_text), (4 bytes).
    Removing mb.o(.revsh_text), (4 bytes).
    Removing mb.o(i.eMBClose), (32 bytes).
    Removing mb.o(i.eMBDisable), (32 bytes).
    Removing mb.o(i.eMBRegisterCB), (108 bytes).
    Removing mb.o(.data), (4 bytes).
    Removing mb.o(.data), (4 bytes).
    Removing mbcrc.o(.rev16_text), (4 bytes).
    Removing mbcrc.o(.revsh_text), (4 bytes).
    Removing mbrtu.o(.rev16_text), (4 bytes).
    Removing mbrtu.o(.revsh_text), (4 bytes).
    Removing mbfunccoils.o(.rev16_text), (4 bytes).
    Removing mbfunccoils.o(.revsh_text), (4 bytes).
    Removing mbfuncdisc.o(.rev16_text), (4 bytes).
    Removing mbfuncdisc.o(.revsh_text), (4 bytes).
    Removing mbfuncholding.o(.rev16_text), (4 bytes).
    Removing mbfuncholding.o(.revsh_text), (4 bytes).
    Removing mbfuncinput.o(.rev16_text), (4 bytes).
    Removing mbfuncinput.o(.revsh_text), (4 bytes).
    Removing mbfuncother.o(.rev16_text), (4 bytes).
    Removing mbfuncother.o(.revsh_text), (4 bytes).
    Removing mbfuncother.o(i.eMBSetSlaveID), (72 bytes).
    Removing mbutils.o(.rev16_text), (4 bytes).
    Removing mbutils.o(.revsh_text), (4 bytes).
    Removing mbutils.o(i.xMBUtilGetBits), (34 bytes).
    Removing mbutils.o(i.xMBUtilSetBits), (42 bytes).
    Removing mbascii.o(.rev16_text), (4 bytes).
    Removing mbascii.o(.revsh_text), (4 bytes).
    Removing portevent.o(.rev16_text), (4 bytes).
    Removing portevent.o(.revsh_text), (4 bytes).
    Removing portserial.o(.rev16_text), (4 bytes).
    Removing portserial.o(.revsh_text), (4 bytes).
    Removing porttimer.o(.rev16_text), (4 bytes).
    Removing porttimer.o(.revsh_text), (4 bytes).

233 unused section(s) (total 5350 bytes) removed from the image.

==============================================================================

Image Symbol Table

    Local Symbols

    Symbol Name                              Value     Ov Type        Size  Object(Section)

    ../clib/angel/boardlib.s                 0x00000000   Number         0  boardinit3.o ABSOLUTE
    ../clib/angel/boardlib.s                 0x00000000   Number         0  boardinit2.o ABSOLUTE
    ../clib/angel/boardlib.s                 0x00000000   Number         0  boardinit1.o ABSOLUTE
    ../clib/angel/boardlib.s                 0x00000000   Number         0  boardshut.o ABSOLUTE
    ../clib/angel/handlers.s                 0x00000000   Number         0  __scatter_zi.o ABSOLUTE
    ../clib/angel/handlers.s                 0x00000000   Number         0  __scatter_copy.o ABSOLUTE
    ../clib/angel/kernel.s                   0x00000000   Number         0  __rtentry4.o ABSOLUTE
    ../clib/angel/kernel.s                   0x00000000   Number         0  __rtentry.o ABSOLUTE
    ../clib/angel/kernel.s                   0x00000000   Number         0  rtexit.o ABSOLUTE
    ../clib/angel/kernel.s                   0x00000000   Number         0  __rtentry2.o ABSOLUTE
    ../clib/angel/kernel.s                   0x00000000   Number         0  rtexit2.o ABSOLUTE
    ../clib/angel/rt.s                       0x00000000   Number         0  rt_raise.o ABSOLUTE
    ../clib/angel/scatter.s                  0x00000000   Number         0  __scatter.o ABSOLUTE
    ../clib/angel/startup.s                  0x00000000   Number         0  __main.o ABSOLUTE
    ../clib/angel/sys.s                      0x00000000   Number         0  libspace.o ABSOLUTE
    ../clib/angel/sys.s                      0x00000000   Number         0  sys_stackheap_outer.o ABSOLUTE
    ../clib/angel/sys.s                      0x00000000   Number         0  use_no_semi.o ABSOLUTE
    ../clib/angel/sys.s                      0x00000000   Number         0  indicate_semi.o ABSOLUTE
    ../clib/angel/sysapp.c                   0x00000000   Number         0  sys_exit.o ABSOLUTE
    ../clib/angel/sysapp.c                   0x00000000   Number         0  sys_command.o ABSOLUTE
    ../clib/angel/sysapp.c                   0x00000000   Number         0  sys_wrch.o ABSOLUTE
    ../clib/armsys.c                         0x00000000   Number         0  argv_veneer.o ABSOLUTE
    ../clib/armsys.c                         0x00000000   Number         0  argv_veneer.o ABSOLUTE
    ../clib/armsys.c                         0x00000000   Number         0  no_argv.o ABSOLUTE
    ../clib/armsys.c                         0x00000000   Number         0  _get_argv_nomalloc.o ABSOLUTE
    ../clib/heapalloc.c                      0x00000000   Number         0  hrguard.o ABSOLUTE
    ../clib/heapaux.c                        0x00000000   Number         0  heapauxi.o ABSOLUTE
    ../clib/libinit.s                        0x00000000   Number         0  libinit2.o ABSOLUTE
    ../clib/libinit.s                        0x00000000   Number         0  libshutdown.o ABSOLUTE
    ../clib/libinit.s                        0x00000000   Number         0  libinit.o ABSOLUTE
    ../clib/libinit.s                        0x00000000   Number         0  libshutdown2.o ABSOLUTE
    ../clib/memcpset.s                       0x00000000   Number         0  rt_memcpy_w.o ABSOLUTE
    ../clib/memcpset.s                       0x00000000   Number         0  rt_memcpy_v6.o ABSOLUTE
    ../clib/printf.c                         0x00000000   Number         0  _printf_hex_int_ll_ptr.o ABSOLUTE
    ../clib/printf.c                         0x00000000   Number         0  _printf_hex_ll_ptr.o ABSOLUTE
    ../clib/printf.c                         0x00000000   Number         0  __printf_wp.o ABSOLUTE
    ../clib/printf.c                         0x00000000   Number         0  __printf_flags_wp.o ABSOLUTE
    ../clib/printf.c                         0x00000000   Number         0  __printf_flags_ss_wp.o ABSOLUTE
    ../clib/printf.c                         0x00000000   Number         0  __printf_ss_wp.o ABSOLUTE
    ../clib/printf.c                         0x00000000   Number         0  _printf_hex_ptr.o ABSOLUTE
    ../clib/printf.c                         0x00000000   Number         0  _printf_hex_int_ll.o ABSOLUTE
    ../clib/printf.c                         0x00000000   Number         0  _printf_hex_int.o ABSOLUTE
    ../clib/printf.c                         0x00000000   Number         0  _printf_hex_ll.o ABSOLUTE
    ../clib/printf.c                         0x00000000   Number         0  _printf_intcommon.o ABSOLUTE
    ../clib/printf.c                         0x00000000   Number         0  __printf.o ABSOLUTE
    ../clib/printf.c                         0x00000000   Number         0  noretval__2printf.o ABSOLUTE
    ../clib/printf.c                         0x00000000   Number         0  _printf_char_file.o ABSOLUTE
    ../clib/printf.c                         0x00000000   Number         0  __2printf.o ABSOLUTE
    ../clib/printf.c                         0x00000000   Number         0  _printf_hex_int_ptr.o ABSOLUTE
    ../clib/printf.c                         0x00000000   Number         0  __printf_nopercent.o ABSOLUTE
    ../clib/printf.c                         0x00000000   Number         0  __printf_ss.o ABSOLUTE
    ../clib/printf.c                         0x00000000   Number         0  __printf_flags_ss.o ABSOLUTE
    ../clib/printf.c                         0x00000000   Number         0  _printf_char_common.o ABSOLUTE
    ../clib/printf.c                         0x00000000   Number         0  __printf_flags.o ABSOLUTE
    ../clib/printf_percent.s                 0x00000000   Number         0  _printf_percent_end.o ABSOLUTE
    ../clib/printf_percent.s                 0x00000000   Number         0  _printf_percent.o ABSOLUTE
    ../clib/printf_percent.s                 0x00000000   Number         0  _printf_x.o ABSOLUTE
    ../clib/signal.c                         0x00000000   Number         0  defsig_segv_inner.o ABSOLUTE
    ../clib/signal.c                         0x00000000   Number         0  defsig_cppl_inner.o ABSOLUTE
    ../clib/signal.c                         0x00000000   Number         0  defsig_pvfn_inner.o ABSOLUTE
    ../clib/signal.c                         0x00000000   Number         0  defsig_stak_inner.o ABSOLUTE
    ../clib/signal.c                         0x00000000   Number         0  defsig_rtred_inner.o ABSOLUTE
    ../clib/signal.c                         0x00000000   Number         0  defsig_fpe_inner.o ABSOLUTE
    ../clib/signal.c                         0x00000000   Number         0  defsig_abrt_inner.o ABSOLUTE
    ../clib/signal.c                         0x00000000   Number         0  defsig_general.o ABSOLUTE
    ../clib/signal.c                         0x00000000   Number         0  __raise.o ABSOLUTE
    ../clib/signal.c                         0x00000000   Number         0  defsig_rtmem_inner.o ABSOLUTE
    ../clib/signal.c                         0x00000000   Number         0  defsig_exit.o ABSOLUTE
    ../clib/signal.c                         0x00000000   Number         0  defsig_rtmem_formal.o ABSOLUTE
    ../clib/signal.c                         0x00000000   Number         0  defsig_rtmem_outer.o ABSOLUTE
    ../clib/signal.c                         0x00000000   Number         0  defsig_other.o ABSOLUTE
    ../clib/signal.s                         0x00000000   Number         0  defsig.o ABSOLUTE
    ../clib/stdio.c                          0x00000000   Number         0  ferror.o ABSOLUTE
    ../clib/stdio.c                          0x00000000   Number         0  ferror_locked.o ABSOLUTE
    ../clib/stdlib.c                         0x00000000   Number         0  exit.o ABSOLUTE
    ../fplib/fpinit.s                        0x00000000   Number         0  fpinit.o ABSOLUTE
    ..\CORE\startup_stm32f40_41xxx.s         0x00000000   Number         0  startup_stm32f40_41xxx.o ABSOLUTE
    ..\FWLIB\STM32F4xx_StdPeriph_Driver\src\misc.c 0x00000000   Number         0  misc.o ABSOLUTE
    ..\FWLIB\STM32F4xx_StdPeriph_Driver\src\stm32f4xx_gpio.c 0x00000000   Number         0  stm32f4xx_gpio.o ABSOLUTE
    ..\FWLIB\STM32F4xx_StdPeriph_Driver\src\stm32f4xx_rcc.c 0x00000000   Number         0  stm32f4xx_rcc.o ABSOLUTE
    ..\FWLIB\STM32F4xx_StdPeriph_Driver\src\stm32f4xx_tim.c 0x00000000   Number         0  stm32f4xx_tim.o ABSOLUTE
    ..\FWLIB\STM32F4xx_StdPeriph_Driver\src\stm32f4xx_usart.c 0x00000000   Number         0  stm32f4xx_usart.o ABSOLUTE
    ..\HARDWARE\LED\led.c                    0x00000000   Number         0  led.o ABSOLUTE
    ..\HARDWARE\TIM\tim.c                    0x00000000   Number         0  tim.o ABSOLUTE
    ..\HARDWARE\USART\usart.c                0x00000000   Number         0  usart.o ABSOLUTE
    ..\SYSTEM\delay.c                        0x00000000   Number         0  delay.o ABSOLUTE
    ..\SYSTEM\sys.c                          0x00000000   Number         0  sys.o ABSOLUTE
    ..\\FWLIB\\STM32F4xx_StdPeriph_Driver\\src\\misc.c 0x00000000   Number         0  misc.o ABSOLUTE
    ..\\FWLIB\\STM32F4xx_StdPeriph_Driver\\src\\stm32f4xx_gpio.c 0x00000000   Number         0  stm32f4xx_gpio.o ABSOLUTE
    ..\\FWLIB\\STM32F4xx_StdPeriph_Driver\\src\\stm32f4xx_rcc.c 0x00000000   Number         0  stm32f4xx_rcc.o ABSOLUTE
    ..\\FWLIB\\STM32F4xx_StdPeriph_Driver\\src\\stm32f4xx_tim.c 0x00000000   Number         0  stm32f4xx_tim.o ABSOLUTE
    ..\\FWLIB\\STM32F4xx_StdPeriph_Driver\\src\\stm32f4xx_usart.c 0x00000000   Number         0  stm32f4xx_usart.o ABSOLUTE
    ..\\HARDWARE\\LED\\led.c                 0x00000000   Number         0  led.o ABSOLUTE
    ..\\HARDWARE\\TIM\\tim.c                 0x00000000   Number         0  tim.o ABSOLUTE
    ..\\HARDWARE\\USART\\usart.c             0x00000000   Number         0  usart.o ABSOLUTE
    ..\\SYSTEM\\delay.c                      0x00000000   Number         0  delay.o ABSOLUTE
    ..\\SYSTEM\\sys.c                        0x00000000   Number         0  sys.o ABSOLUTE
    ..\\freemodbus\\modbus\\ascii\\mbascii.c 0x00000000   Number         0  mbascii.o ABSOLUTE
    ..\\freemodbus\\modbus\\functions\\mbfunccoils.c 0x00000000   Number         0  mbfunccoils.o ABSOLUTE
    ..\\freemodbus\\modbus\\functions\\mbfuncdisc.c 0x00000000   Number         0  mbfuncdisc.o ABSOLUTE
    ..\\freemodbus\\modbus\\functions\\mbfuncholding.c 0x00000000   Number         0  mbfuncholding.o ABSOLUTE
    ..\\freemodbus\\modbus\\functions\\mbfuncinput.c 0x00000000   Number         0  mbfuncinput.o ABSOLUTE
    ..\\freemodbus\\modbus\\functions\\mbfuncother.c 0x00000000   Number         0  mbfuncother.o ABSOLUTE
    ..\\freemodbus\\modbus\\functions\\mbutils.c 0x00000000   Number         0  mbutils.o ABSOLUTE
    ..\\freemodbus\\modbus\\mb.c             0x00000000   Number         0  mb.o ABSOLUTE
    ..\\freemodbus\\modbus\\rtu\\mbcrc.c     0x00000000   Number         0  mbcrc.o ABSOLUTE
    ..\\freemodbus\\modbus\\rtu\\mbrtu.c     0x00000000   Number         0  mbrtu.o ABSOLUTE
    ..\\freemodbus\\port\\portevent.c        0x00000000   Number         0  portevent.o ABSOLUTE
    ..\\freemodbus\\port\\portserial.c       0x00000000   Number         0  portserial.o ABSOLUTE
    ..\\freemodbus\\port\\porttimer.c        0x00000000   Number         0  porttimer.o ABSOLUTE
    ..\freemodbus\modbus\ascii\mbascii.c     0x00000000   Number         0  mbascii.o ABSOLUTE
    ..\freemodbus\modbus\functions\mbfunccoils.c 0x00000000   Number         0  mbfunccoils.o ABSOLUTE
    ..\freemodbus\modbus\functions\mbfuncdiag.c 0x00000000   Number         0  mbfuncdiag.o ABSOLUTE
    ..\freemodbus\modbus\functions\mbfuncdisc.c 0x00000000   Number         0  mbfuncdisc.o ABSOLUTE
    ..\freemodbus\modbus\functions\mbfuncholding.c 0x00000000   Number         0  mbfuncholding.o ABSOLUTE
    ..\freemodbus\modbus\functions\mbfuncinput.c 0x00000000   Number         0  mbfuncinput.o ABSOLUTE
    ..\freemodbus\modbus\functions\mbfuncother.c 0x00000000   Number         0  mbfuncother.o ABSOLUTE
    ..\freemodbus\modbus\functions\mbutils.c 0x00000000   Number         0  mbutils.o ABSOLUTE
    ..\freemodbus\modbus\mb.c                0x00000000   Number         0  mb.o ABSOLUTE
    ..\freemodbus\modbus\rtu\mbcrc.c         0x00000000   Number         0  mbcrc.o ABSOLUTE
    ..\freemodbus\modbus\rtu\mbrtu.c         0x00000000   Number         0  mbrtu.o ABSOLUTE
    ..\freemodbus\port\portevent.c           0x00000000   Number         0  portevent.o ABSOLUTE
    ..\freemodbus\port\portserial.c          0x00000000   Number         0  portserial.o ABSOLUTE
    ..\freemodbus\port\porttimer.c           0x00000000   Number         0  porttimer.o ABSOLUTE
    dc.s                                     0x00000000   Number         0  dc.o ABSOLUTE
    main.c                                   0x00000000   Number         0  main.o ABSOLUTE
    main.c                                   0x00000000   Number         0  main.o ABSOLUTE
    stm32f4xx_it.c                           0x00000000   Number         0  stm32f4xx_it.o ABSOLUTE
    stm32f4xx_it.c                           0x00000000   Number         0  stm32f4xx_it.o ABSOLUTE
    system_stm32f4xx.c                       0x00000000   Number         0  system_stm32f4xx.o ABSOLUTE
    system_stm32f4xx.c                       0x00000000   Number         0  system_stm32f4xx.o ABSOLUTE
    RESET                                    0x08000000   Section      392  startup_stm32f40_41xxx.o(RESET)
    !!!main                                  0x08000188   Section        8  __main.o(!!!main)
    !!!scatter                               0x08000190   Section       52  __scatter.o(!!!scatter)
    !!handler_copy                           0x080001c4   Section       26  __scatter_copy.o(!!handler_copy)
    !!handler_zi                             0x080001e0   Section       28  __scatter_zi.o(!!handler_zi)
    .ARM.Collect$$_printf_percent$$00000000  0x080001fc   Section        0  _printf_percent.o(.ARM.Collect$$_printf_percent$$00000000)
    .ARM.Collect$$_printf_percent$$0000000C  0x080001fc   Section        6  _printf_x.o(.ARM.Collect$$_printf_percent$$0000000C)
    .ARM.Collect$$_printf_percent$$00000017  0x08000202   Section        4  _printf_percent_end.o(.ARM.Collect$$_printf_percent$$00000017)
    .ARM.Collect$$libinit$$00000000          0x08000206   Section        2  libinit.o(.ARM.Collect$$libinit$$00000000)
    .ARM.Collect$$libinit$$00000001          0x08000208   Section        4  libinit2.o(.ARM.Collect$$libinit$$00000001)
    .ARM.Collect$$libinit$$00000004          0x0800020c   Section        0  libinit2.o(.ARM.Collect$$libinit$$00000004)
    .ARM.Collect$$libinit$$0000000A          0x0800020c   Section        0  libinit2.o(.ARM.Collect$$libinit$$0000000A)
    .ARM.Collect$$libinit$$0000000C          0x0800020c   Section        0  libinit2.o(.ARM.Collect$$libinit$$0000000C)
    .ARM.Collect$$libinit$$0000000E          0x0800020c   Section        0  libinit2.o(.ARM.Collect$$libinit$$0000000E)
    .ARM.Collect$$libinit$$00000011          0x0800020c   Section        0  libinit2.o(.ARM.Collect$$libinit$$00000011)
    .ARM.Collect$$libinit$$00000013          0x0800020c   Section        0  libinit2.o(.ARM.Collect$$libinit$$00000013)
    .ARM.Collect$$libinit$$00000015          0x0800020c   Section        0  libinit2.o(.ARM.Collect$$libinit$$00000015)
    .ARM.Collect$$libinit$$00000017          0x0800020c   Section        0  libinit2.o(.ARM.Collect$$libinit$$00000017)
    .ARM.Collect$$libinit$$00000019          0x0800020c   Section        0  libinit2.o(.ARM.Collect$$libinit$$00000019)
    .ARM.Collect$$libinit$$0000001B          0x0800020c   Section        0  libinit2.o(.ARM.Collect$$libinit$$0000001B)
    .ARM.Collect$$libinit$$0000001D          0x0800020c   Section        0  libinit2.o(.ARM.Collect$$libinit$$0000001D)
    .ARM.Collect$$libinit$$0000001F          0x0800020c   Section        0  libinit2.o(.ARM.Collect$$libinit$$0000001F)
    .ARM.Collect$$libinit$$00000021          0x0800020c   Section        0  libinit2.o(.ARM.Collect$$libinit$$00000021)
    .ARM.Collect$$libinit$$00000023          0x0800020c   Section        0  libinit2.o(.ARM.Collect$$libinit$$00000023)
    .ARM.Collect$$libinit$$00000025          0x0800020c   Section        0  libinit2.o(.ARM.Collect$$libinit$$00000025)
    .ARM.Collect$$libinit$$0000002C          0x0800020c   Section        0  libinit2.o(.ARM.Collect$$libinit$$0000002C)
    .ARM.Collect$$libinit$$0000002E          0x0800020c   Section        0  libinit2.o(.ARM.Collect$$libinit$$0000002E)
    .ARM.Collect$$libinit$$00000030          0x0800020c   Section        0  libinit2.o(.ARM.Collect$$libinit$$00000030)
    .ARM.Collect$$libinit$$00000032          0x0800020c   Section        0  libinit2.o(.ARM.Collect$$libinit$$00000032)
    .ARM.Collect$$libinit$$00000033          0x0800020c   Section        2  libinit2.o(.ARM.Collect$$libinit$$00000033)
    .ARM.Collect$$libshutdown$$00000000      0x0800020e   Section        2  libshutdown.o(.ARM.Collect$$libshutdown$$00000000)
    .ARM.Collect$$libshutdown$$00000003      0x08000210   Section        0  libshutdown2.o(.ARM.Collect$$libshutdown$$00000003)
    .ARM.Collect$$libshutdown$$00000006      0x08000210   Section        0  libshutdown2.o(.ARM.Collect$$libshutdown$$00000006)
    .ARM.Collect$$libshutdown$$00000009      0x08000210   Section        0  libshutdown2.o(.ARM.Collect$$libshutdown$$00000009)
    .ARM.Collect$$libshutdown$$0000000B      0x08000210   Section        0  libshutdown2.o(.ARM.Collect$$libshutdown$$0000000B)
    .ARM.Collect$$libshutdown$$0000000E      0x08000210   Section        0  libshutdown2.o(.ARM.Collect$$libshutdown$$0000000E)
    .ARM.Collect$$libshutdown$$0000000F      0x08000210   Section        2  libshutdown2.o(.ARM.Collect$$libshutdown$$0000000F)
    .ARM.Collect$$rtentry$$00000000          0x08000212   Section        0  __rtentry.o(.ARM.Collect$$rtentry$$00000000)
    .ARM.Collect$$rtentry$$00000002          0x08000212   Section        0  __rtentry2.o(.ARM.Collect$$rtentry$$00000002)
    .ARM.Collect$$rtentry$$00000004          0x08000212   Section        6  __rtentry4.o(.ARM.Collect$$rtentry$$00000004)
    .ARM.Collect$$rtentry$$00000009          0x08000218   Section        0  __rtentry2.o(.ARM.Collect$$rtentry$$00000009)
    .ARM.Collect$$rtentry$$0000000A          0x08000218   Section        4  __rtentry2.o(.ARM.Collect$$rtentry$$0000000A)
    .ARM.Collect$$rtentry$$0000000C          0x0800021c   Section        0  __rtentry2.o(.ARM.Collect$$rtentry$$0000000C)
    .ARM.Collect$$rtentry$$0000000D          0x0800021c   Section        8  __rtentry2.o(.ARM.Collect$$rtentry$$0000000D)
    .ARM.Collect$$rtexit$$00000000           0x08000224   Section        2  rtexit.o(.ARM.Collect$$rtexit$$00000000)
    .ARM.Collect$$rtexit$$00000002           0x08000226   Section        0  rtexit2.o(.ARM.Collect$$rtexit$$00000002)
    .ARM.Collect$$rtexit$$00000003           0x08000226   Section        4  rtexit2.o(.ARM.Collect$$rtexit$$00000003)
    .ARM.Collect$$rtexit$$00000004           0x0800022a   Section        6  rtexit2.o(.ARM.Collect$$rtexit$$00000004)
    .text                                    0x08000230   Section       64  startup_stm32f40_41xxx.o(.text)
    $v0                                      0x08000230   Number         0  startup_stm32f40_41xxx.o(.text)
    .text                                    0x08000270   Section        0  noretval__2printf.o(.text)
    .text                                    0x08000288   Section        0  __printf.o(.text)
    .text                                    0x080002f0   Section        0  _printf_hex_int.o(.text)
    .text                                    0x08000348   Section      138  rt_memcpy_v6.o(.text)
    .text                                    0x080003d2   Section        0  heapauxi.o(.text)
    .text                                    0x080003d8   Section        0  _printf_intcommon.o(.text)
    .text                                    0x0800048c   Section        0  _printf_char_file.o(.text)
    .text                                    0x080004b0   Section      100  rt_memcpy_w.o(.text)
    .text                                    0x08000514   Section        0  _printf_char_common.o(.text)
    _printf_input_char                       0x08000515   Thumb Code    10  _printf_char_common.o(.text)
    .text                                    0x08000544   Section        0  ferror.o(.text)
    .text                                    0x0800054c   Section       74  sys_stackheap_outer.o(.text)
    .text                                    0x08000596   Section        0  exit.o(.text)
    .text                                    0x080005a4   Section        8  libspace.o(.text)
    .text                                    0x080005ac   Section        0  sys_exit.o(.text)
    .text                                    0x080005b8   Section        2  use_no_semi.o(.text)
    .text                                    0x080005ba   Section        0  indicate_semi.o(.text)
    i.BusFault_Handler                       0x080005ba   Section        0  stm32f4xx_it.o(i.BusFault_Handler)
    i.DebugMon_Handler                       0x080005bc   Section        0  stm32f4xx_it.o(i.DebugMon_Handler)
    i.GPIO_Init                              0x080005be   Section        0  stm32f4xx_gpio.o(i.GPIO_Init)
    i.GPIO_PinAFConfig                       0x08000636   Section        0  stm32f4xx_gpio.o(i.GPIO_PinAFConfig)
    i.GPIO_SetBits                           0x08000656   Section        0  stm32f4xx_gpio.o(i.GPIO_SetBits)
    i.HardFault_Handler                      0x0800065a   Section        0  stm32f4xx_it.o(i.HardFault_Handler)
    i.MemManage_Handler                      0x0800065c   Section        0  stm32f4xx_it.o(i.MemManage_Handler)
    i.NMI_Handler                            0x0800065e   Section        0  stm32f4xx_it.o(i.NMI_Handler)
    i.NVIC_Init                              0x08000660   Section        0  misc.o(i.NVIC_Init)
    i.NVIC_PriorityGroupConfig               0x080006c4   Section        0  misc.o(i.NVIC_PriorityGroupConfig)
    i.RCC_AHB1PeriphClockCmd                 0x080006d8   Section        0  stm32f4xx_rcc.o(i.RCC_AHB1PeriphClockCmd)
    i.RCC_APB1PeriphClockCmd                 0x080006f0   Section        0  stm32f4xx_rcc.o(i.RCC_APB1PeriphClockCmd)
    i.RCC_APB2PeriphClockCmd                 0x08000708   Section        0  stm32f4xx_rcc.o(i.RCC_APB2PeriphClockCmd)
    i.RCC_GetClocksFreq                      0x08000720   Section        0  stm32f4xx_rcc.o(i.RCC_GetClocksFreq)
    i.SVC_Handler                            0x080007b0   Section        0  stm32f4xx_it.o(i.SVC_Handler)
    i.SetSysClock                            0x080007b4   Section        0  system_stm32f4xx.o(i.SetSysClock)
    SetSysClock                              0x080007b5   Thumb Code   162  system_stm32f4xx.o(i.SetSysClock)
    i.SystemInit                             0x08000868   Section        0  system_stm32f4xx.o(i.SystemInit)
    i.TIM3_IRQHandler                        0x080008c4   Section        0  tim.o(i.TIM3_IRQHandler)
    i.TIM_ClearITPendingBit                  0x080008ec   Section        0  stm32f4xx_tim.o(i.TIM_ClearITPendingBit)
    i.TIM_Cmd                                0x080008f2   Section        0  stm32f4xx_tim.o(i.TIM_Cmd)
    i.TIM_GetITStatus                        0x08000906   Section        0  stm32f4xx_tim.o(i.TIM_GetITStatus)
    i.TIM_ITConfig                           0x0800091e   Section        0  stm32f4xx_tim.o(i.TIM_ITConfig)
    i.TIM_SetCounter                         0x0800092e   Section        0  stm32f4xx_tim.o(i.TIM_SetCounter)
    i.TIM_TimeBaseInit                       0x08000934   Section        0  stm32f4xx_tim.o(i.TIM_TimeBaseInit)
    i.USART1_IRQHandler                      0x080009b0   Section        0  usart.o(i.USART1_IRQHandler)
    i.USART2_IRQHandler                      0x080009dc   Section        0  usart.o(i.USART2_IRQHandler)
    i.USART_ClearFlag                        0x08000a24   Section        0  stm32f4xx_usart.o(i.USART_ClearFlag)
    i.USART_ClearITPendingBit                0x08000a2a   Section        0  stm32f4xx_usart.o(i.USART_ClearITPendingBit)
    i.USART_Cmd                              0x08000a36   Section        0  stm32f4xx_usart.o(i.USART_Cmd)
    i.USART_GetFlagStatus                    0x08000a4a   Section        0  stm32f4xx_usart.o(i.USART_GetFlagStatus)
    i.USART_GetITStatus                      0x08000a58   Section        0  stm32f4xx_usart.o(i.USART_GetITStatus)
    i.USART_ITConfig                         0x08000a96   Section        0  stm32f4xx_usart.o(i.USART_ITConfig)
    i.USART_Init                             0x08000ac8   Section        0  stm32f4xx_usart.o(i.USART_Init)
    i.USART_ReceiveData                      0x08000b74   Section        0  stm32f4xx_usart.o(i.USART_ReceiveData)
    i.USART_SendData                         0x08000b7c   Section        0  stm32f4xx_usart.o(i.USART_SendData)
    i.UsageFault_Handler                     0x08000b84   Section        0  stm32f4xx_it.o(i.UsageFault_Handler)
    i.delay_ms                               0x08000b88   Section        0  delay.o(i.delay_ms)
    i.eMBEnable                              0x08000bc4   Section        0  mb.o(i.eMBEnable)
    i.eMBFuncReadCoils                       0x08000be4   Section        0  mbfunccoils.o(i.eMBFuncReadCoils)
    i.eMBFuncReadDiscreteInputs              0x08000c56   Section        0  mbfuncdisc.o(i.eMBFuncReadDiscreteInputs)
    i.eMBFuncReadHoldingRegister             0x08000cc8   Section        0  mbfuncholding.o(i.eMBFuncReadHoldingRegister)
    i.eMBFuncReadInputRegister               0x08000d26   Section        0  mbfuncinput.o(i.eMBFuncReadInputRegister)
    i.eMBFuncReadWriteMultipleHoldingRegister 0x08000d88   Section        0  mbfuncholding.o(i.eMBFuncReadWriteMultipleHoldingRegister)
    i.eMBFuncReportSlaveID                   0x08000e24   Section        0  mbfuncother.o(i.eMBFuncReportSlaveID)
    i.eMBFuncWriteCoil                       0x08000e48   Section        0  mbfunccoils.o(i.eMBFuncWriteCoil)
    i.eMBFuncWriteHoldingRegister            0x08000e9e   Section        0  mbfuncholding.o(i.eMBFuncWriteHoldingRegister)
    i.eMBFuncWriteMultipleCoils              0x08000ed0   Section        0  mbfunccoils.o(i.eMBFuncWriteMultipleCoils)
    i.eMBFuncWriteMultipleHoldingRegister    0x08000f34   Section        0  mbfuncholding.o(i.eMBFuncWriteMultipleHoldingRegister)
    i.eMBInit                                0x08000f84   Section        0  mb.o(i.eMBInit)
    i.eMBPoll                                0x08001004   Section        0  mb.o(i.eMBPoll)
    i.eMBRTUInit                             0x080010b8   Section        0  mbrtu.o(i.eMBRTUInit)
    i.eMBRTUReceive                          0x08001100   Section        0  mbrtu.o(i.eMBRTUReceive)
    i.eMBRTUSend                             0x08001150   Section        0  mbrtu.o(i.eMBRTUSend)
    i.eMBRTUStart                            0x080011b8   Section        0  mbrtu.o(i.eMBRTUStart)
    i.eMBRTUStop                             0x080011dc   Section        0  mbrtu.o(i.eMBRTUStop)
    i.eMBRegCoilsCB                          0x080011f8   Section        0  main.o(i.eMBRegCoilsCB)
    i.eMBRegDiscreteCB                       0x080012ec   Section        0  main.o(i.eMBRegDiscreteCB)
    i.eMBRegHoldingCB                        0x0800138c   Section        0  main.o(i.eMBRegHoldingCB)
    i.eMBRegInputCB                          0x08001504   Section        0  main.o(i.eMBRegInputCB)
    i.fputc                                  0x0800156c   Section        0  usart.o(i.fputc)
    i.led_init                               0x08001590   Section        0  led.o(i.led_init)
    i.main                                   0x08001604   Section        0  main.o(i.main)
    i.prveMBError2Exception                  0x08001660   Section        0  mbutils.o(i.prveMBError2Exception)
    i.prvvTIMERExpiredISR                    0x08001678   Section        0  porttimer.o(i.prvvTIMERExpiredISR)
    i.prvvUARTRxISR                          0x08001684   Section        0  portserial.o(i.prvvUARTRxISR)
    i.prvvUARTTxReadyISR                     0x08001690   Section        0  portserial.o(i.prvvUARTTxReadyISR)
    i.rs485_init                             0x0800169c   Section        0  usart.o(i.rs485_init)
    i.tim3_init                              0x08001788   Section        0  tim.o(i.tim3_init)
    i.usMBCRC16                              0x080017ec   Section        0  mbcrc.o(i.usMBCRC16)
    i.usart1_init                            0x08001818   Section        0  usart.o(i.usart1_init)
    i.vMBPortSerialEnable                    0x080018c4   Section        0  portserial.o(i.vMBPortSerialEnable)
    i.vMBPortTimersDisable                   0x080018f8   Section        0  porttimer.o(i.vMBPortTimersDisable)
    i.vMBPortTimersEnable                    0x08001914   Section        0  porttimer.o(i.vMBPortTimersEnable)
    i.xMBPortEventGet                        0x08001944   Section        0  portevent.o(i.xMBPortEventGet)
    i.xMBPortEventInit                       0x08001960   Section        0  portevent.o(i.xMBPortEventInit)
    i.xMBPortEventPost                       0x08001970   Section        0  portevent.o(i.xMBPortEventPost)
    i.xMBPortSerialGetByte                   0x08001980   Section        0  portserial.o(i.xMBPortSerialGetByte)
    i.xMBPortSerialInit                      0x080019a0   Section        0  portserial.o(i.xMBPortSerialInit)
    i.xMBPortSerialPutByte                   0x080019a4   Section        0  portserial.o(i.xMBPortSerialPutByte)
    i.xMBPortTimersInit                      0x080019c4   Section        0  porttimer.o(i.xMBPortTimersInit)
    i.xMBRTUReceiveFSM                       0x080019d0   Section        0  mbrtu.o(i.xMBRTUReceiveFSM)
    i.xMBRTUTimerT35Expired                  0x08001a30   Section        0  mbrtu.o(i.xMBRTUTimerT35Expired)
    i.xMBRTUTransmitFSM                      0x08001a58   Section        0  mbrtu.o(i.xMBRTUTransmitFSM)
    x$fpl$fpinit                             0x08001ac8   Section       10  fpinit.o(x$fpl$fpinit)
    $v0                                      0x08001ac8   Number         0  fpinit.o(x$fpl$fpinit)
    .constdata                               0x08001ad2   Section      512  mbcrc.o(.constdata)
    aucCRCHi                                 0x08001ad2   Data         256  mbcrc.o(.constdata)
    aucCRCLo                                 0x08001bd2   Data         256  mbcrc.o(.constdata)
    .constdata                               0x08001cd2   Section       40  _printf_hex_int.o(.constdata)
    uc_hextab                                0x08001cd2   Data          20  _printf_hex_int.o(.constdata)
    lc_hextab                                0x08001ce6   Data          20  _printf_hex_int.o(.constdata)
    .data                                    0x20000000   Section       20  main.o(.data)
    .data                                    0x20000014   Section       20  system_stm32f4xx.o(.data)
    .data                                    0x20000028   Section       16  stm32f4xx_rcc.o(.data)
    APBAHBPrescTable                         0x20000028   Data          16  stm32f4xx_rcc.o(.data)
    .data                                    0x20000038   Section        4  usart.o(.data)
    .data                                    0x2000003c   Section      172  mb.o(.data)
    eMBState                                 0x2000003c   Data           1  mb.o(.data)
    ucRcvAddress                             0x2000003d   Data           1  mb.o(.data)
    ucFunctionCode                           0x2000003e   Data           1  mb.o(.data)
    eException                               0x2000003f   Data           1  mb.o(.data)
    ucMBAddress                              0x20000040   Data           1  mb.o(.data)
    eMBCurrentMode                           0x20000041   Data           1  mb.o(.data)
    usLength                                 0x20000042   Data           2  mb.o(.data)
    ucMBFrame                                0x20000044   Data           4  mb.o(.data)
    peMBFrameSendCur                         0x20000048   Data           4  mb.o(.data)
    pvMBFrameStartCur                        0x2000004c   Data           4  mb.o(.data)
    pvMBFrameStopCur                         0x20000050   Data           4  mb.o(.data)
    peMBFrameReceiveCur                      0x20000054   Data           4  mb.o(.data)
    pvMBFrameCloseCur                        0x20000058   Data           4  mb.o(.data)
    xFuncHandlers                            0x20000068   Data         128  mb.o(.data)
    .data                                    0x200000e8   Section       12  mbrtu.o(.data)
    eSndState                                0x200000e8   Data           1  mbrtu.o(.data)
    eRcvState                                0x200000e9   Data           1  mbrtu.o(.data)
    usSndBufferCount                         0x200000ea   Data           2  mbrtu.o(.data)
    usRcvBufferPos                           0x200000ec   Data           2  mbrtu.o(.data)
    pucSndBufferCur                          0x200000f0   Data           4  mbrtu.o(.data)
    .data                                    0x200000f4   Section        2  mbfuncother.o(.data)
    usMBSlaveIDLen                           0x200000f4   Data           2  mbfuncother.o(.data)
    .data                                    0x200000f6   Section        2  portevent.o(.data)
    eQueuedEvent                             0x200000f6   Data           1  portevent.o(.data)
    xEventInQueue                            0x200000f7   Data           1  portevent.o(.data)
    .bss                                     0x200000f8   Section       40  main.o(.bss)
    .bss                                     0x20000120   Section      256  mbrtu.o(.bss)
    .bss                                     0x20000220   Section       32  mbfuncother.o(.bss)
    ucMBSlaveID                              0x20000220   Data          32  mbfuncother.o(.bss)
    .bss                                     0x20000240   Section       96  libspace.o(.bss)
    HEAP                                     0x200002a0   Section     8192  startup_stm32f40_41xxx.o(HEAP)
    Heap_Mem                                 0x200002a0   Data        8192  startup_stm32f40_41xxx.o(HEAP)
    STACK                                    0x200022a0   Section    16384  startup_stm32f40_41xxx.o(STACK)
    Stack_Mem                                0x200022a0   Data       16384  startup_stm32f40_41xxx.o(STACK)
    __initial_sp                             0x200062a0   Data           0  startup_stm32f40_41xxx.o(STACK)

    Global Symbols

    Symbol Name                              Value     Ov Type        Size  Object(Section)

    BuildAttributes$$THM_ISAv4$E$P$D$K$B$S$7EM$VFPi3$EXTD16$VFPS$VFMA$PE$A:L22UL41UL21$X:L11$S22US41US21$IEEE1$IW$USESV6$~STKCKD$USESV7$~SHL$OSPACE$ROPI$EBA8$UX$STANDARDLIB$REQ8$PRES8$EABIv2 0x00000000   Number         0  anon$$obj.o ABSOLUTE
    __ARM_use_no_argv                        0x00000000   Number         0  main.o ABSOLUTE
    __ARM_exceptions_init                     - Undefined Weak Reference
    __alloca_initialize                       - Undefined Weak Reference
    __arm_preinit_                            - Undefined Weak Reference
    __cpp_initialize__aeabi_                  - Undefined Weak Reference
    __cxa_finalize                            - Undefined Weak Reference
    __rt_locale                               - Undefined Weak Reference
    __sigvec_lookup                           - Undefined Weak Reference
    _atexit_init                              - Undefined Weak Reference
    _call_atexit_fns                          - Undefined Weak Reference
    _clock_init                               - Undefined Weak Reference
    _fp_trap_init                             - Undefined Weak Reference
    _fp_trap_shutdown                         - Undefined Weak Reference
    _get_lc_collate                           - Undefined Weak Reference
    _get_lc_ctype                             - Undefined Weak Reference
    _get_lc_monetary                          - Undefined Weak Reference
    _get_lc_numeric                           - Undefined Weak Reference
    _get_lc_time                              - Undefined Weak Reference
    _getenv_init                              - Undefined Weak Reference
    _handle_redirection                       - Undefined Weak Reference
    _init_alloc                               - Undefined Weak Reference
    _init_user_alloc                          - Undefined Weak Reference
    _initio                                   - Undefined Weak Reference
    _mutex_acquire                            - Undefined Weak Reference
    _mutex_release                            - Undefined Weak Reference
    _printf_post_padding                      - Undefined Weak Reference
    _printf_pre_padding                       - Undefined Weak Reference
    _printf_truncate_unsigned                 - Undefined Weak Reference
    _rand_init                                - Undefined Weak Reference
    _signal_finish                            - Undefined Weak Reference
    _signal_init                              - Undefined Weak Reference
    _terminate_alloc                          - Undefined Weak Reference
    _terminate_user_alloc                     - Undefined Weak Reference
    _terminateio                              - Undefined Weak Reference
    __Vectors_Size                           0x00000188   Number         0  startup_stm32f40_41xxx.o ABSOLUTE
    __Vectors                                0x08000000   Data           4  startup_stm32f40_41xxx.o(RESET)
    __Vectors_End                            0x08000188   Data           0  startup_stm32f40_41xxx.o(RESET)
    __main                                   0x08000189   Thumb Code     8  __main.o(!!!main)
    __scatterload                            0x08000191   Thumb Code     0  __scatter.o(!!!scatter)
    __scatterload_rt2                        0x08000191   Thumb Code    44  __scatter.o(!!!scatter)
    __scatterload_rt2_thumb_only             0x08000191   Thumb Code     0  __scatter.o(!!!scatter)
    __scatterload_null                       0x0800019f   Thumb Code     0  __scatter.o(!!!scatter)
    __scatterload_copy                       0x080001c5   Thumb Code    26  __scatter_copy.o(!!handler_copy)
    __scatterload_zeroinit                   0x080001e1   Thumb Code    28  __scatter_zi.o(!!handler_zi)
    _printf_percent                          0x080001fd   Thumb Code     0  _printf_percent.o(.ARM.Collect$$_printf_percent$$00000000)
    _printf_x                                0x080001fd   Thumb Code     0  _printf_x.o(.ARM.Collect$$_printf_percent$$0000000C)
    _printf_percent_end                      0x08000203   Thumb Code     0  _printf_percent_end.o(.ARM.Collect$$_printf_percent$$00000017)
    __rt_lib_init                            0x08000207   Thumb Code     0  libinit.o(.ARM.Collect$$libinit$$00000000)
    __rt_lib_init_fp_1                       0x08000209   Thumb Code     0  libinit2.o(.ARM.Collect$$libinit$$00000001)
    __rt_lib_init_alloca_1                   0x0800020d   Thumb Code     0  libinit2.o(.ARM.Collect$$libinit$$0000002E)
    __rt_lib_init_argv_1                     0x0800020d   Thumb Code     0  libinit2.o(.ARM.Collect$$libinit$$0000002C)
    __rt_lib_init_atexit_1                   0x0800020d   Thumb Code     0  libinit2.o(.ARM.Collect$$libinit$$0000001B)
    __rt_lib_init_clock_1                    0x0800020d   Thumb Code     0  libinit2.o(.ARM.Collect$$libinit$$00000021)
    __rt_lib_init_cpp_1                      0x0800020d   Thumb Code     0  libinit2.o(.ARM.Collect$$libinit$$00000032)
    __rt_lib_init_exceptions_1               0x0800020d   Thumb Code     0  libinit2.o(.ARM.Collect$$libinit$$00000030)
    __rt_lib_init_fp_trap_1                  0x0800020d   Thumb Code     0  libinit2.o(.ARM.Collect$$libinit$$0000001F)
    __rt_lib_init_getenv_1                   0x0800020d   Thumb Code     0  libinit2.o(.ARM.Collect$$libinit$$00000023)
    __rt_lib_init_heap_1                     0x0800020d   Thumb Code     0  libinit2.o(.ARM.Collect$$libinit$$0000000A)
    __rt_lib_init_lc_collate_1               0x0800020d   Thumb Code     0  libinit2.o(.ARM.Collect$$libinit$$00000011)
    __rt_lib_init_lc_ctype_1                 0x0800020d   Thumb Code     0  libinit2.o(.ARM.Collect$$libinit$$00000013)
    __rt_lib_init_lc_monetary_1              0x0800020d   Thumb Code     0  libinit2.o(.ARM.Collect$$libinit$$00000015)
    __rt_lib_init_lc_numeric_1               0x0800020d   Thumb Code     0  libinit2.o(.ARM.Collect$$libinit$$00000017)
    __rt_lib_init_lc_time_1                  0x0800020d   Thumb Code     0  libinit2.o(.ARM.Collect$$libinit$$00000019)
    __rt_lib_init_preinit_1                  0x0800020d   Thumb Code     0  libinit2.o(.ARM.Collect$$libinit$$00000004)
    __rt_lib_init_rand_1                     0x0800020d   Thumb Code     0  libinit2.o(.ARM.Collect$$libinit$$0000000E)
    __rt_lib_init_return                     0x0800020d   Thumb Code     0  libinit2.o(.ARM.Collect$$libinit$$00000033)
    __rt_lib_init_signal_1                   0x0800020d   Thumb Code     0  libinit2.o(.ARM.Collect$$libinit$$0000001D)
    __rt_lib_init_stdio_1                    0x0800020d   Thumb Code     0  libinit2.o(.ARM.Collect$$libinit$$00000025)
    __rt_lib_init_user_alloc_1               0x0800020d   Thumb Code     0  libinit2.o(.ARM.Collect$$libinit$$0000000C)
    __rt_lib_shutdown                        0x0800020f   Thumb Code     0  libshutdown.o(.ARM.Collect$$libshutdown$$00000000)
    __rt_lib_shutdown_fp_trap_1              0x08000211   Thumb Code     0  libshutdown2.o(.ARM.Collect$$libshutdown$$00000006)
    __rt_lib_shutdown_heap_1                 0x08000211   Thumb Code     0  libshutdown2.o(.ARM.Collect$$libshutdown$$0000000E)
    __rt_lib_shutdown_return                 0x08000211   Thumb Code     0  libshutdown2.o(.ARM.Collect$$libshutdown$$0000000F)
    __rt_lib_shutdown_signal_1               0x08000211   Thumb Code     0  libshutdown2.o(.ARM.Collect$$libshutdown$$00000009)
    __rt_lib_shutdown_stdio_1                0x08000211   Thumb Code     0  libshutdown2.o(.ARM.Collect$$libshutdown$$00000003)
    __rt_lib_shutdown_user_alloc_1           0x08000211   Thumb Code     0  libshutdown2.o(.ARM.Collect$$libshutdown$$0000000B)
    __rt_entry                               0x08000213   Thumb Code     0  __rtentry.o(.ARM.Collect$$rtentry$$00000000)
    __rt_entry_presh_1                       0x08000213   Thumb Code     0  __rtentry2.o(.ARM.Collect$$rtentry$$00000002)
    __rt_entry_sh                            0x08000213   Thumb Code     0  __rtentry4.o(.ARM.Collect$$rtentry$$00000004)
    __rt_entry_li                            0x08000219   Thumb Code     0  __rtentry2.o(.ARM.Collect$$rtentry$$0000000A)
    __rt_entry_postsh_1                      0x08000219   Thumb Code     0  __rtentry2.o(.ARM.Collect$$rtentry$$00000009)
    __rt_entry_main                          0x0800021d   Thumb Code     0  __rtentry2.o(.ARM.Collect$$rtentry$$0000000D)
    __rt_entry_postli_1                      0x0800021d   Thumb Code     0  __rtentry2.o(.ARM.Collect$$rtentry$$0000000C)
    __rt_exit                                0x08000225   Thumb Code     0  rtexit.o(.ARM.Collect$$rtexit$$00000000)
    __rt_exit_ls                             0x08000227   Thumb Code     0  rtexit2.o(.ARM.Collect$$rtexit$$00000003)
    __rt_exit_prels_1                        0x08000227   Thumb Code     0  rtexit2.o(.ARM.Collect$$rtexit$$00000002)
    __rt_exit_exit                           0x0800022b   Thumb Code     0  rtexit2.o(.ARM.Collect$$rtexit$$00000004)
    Reset_Handler                            0x08000231   Thumb Code     8  startup_stm32f40_41xxx.o(.text)
    PendSV_Handler                           0x08000247   Thumb Code     2  startup_stm32f40_41xxx.o(.text)
    SysTick_Handler                          0x08000249   Thumb Code     2  startup_stm32f40_41xxx.o(.text)
    ADC_IRQHandler                           0x0800024b   Thumb Code     0  startup_stm32f40_41xxx.o(.text)
    CAN1_RX0_IRQHandler                      0x0800024b   Thumb Code     0  startup_stm32f40_41xxx.o(.text)
    CAN1_RX1_IRQHandler                      0x0800024b   Thumb Code     0  startup_stm32f40_41xxx.o(.text)
    CAN1_SCE_IRQHandler                      0x0800024b   Thumb Code     0  startup_stm32f40_41xxx.o(.text)
    CAN1_TX_IRQHandler                       0x0800024b   Thumb Code     0  startup_stm32f40_41xxx.o(.text)
    CAN2_RX0_IRQHandler                      0x0800024b   Thumb Code     0  startup_stm32f40_41xxx.o(.text)
    CAN2_RX1_IRQHandler                      0x0800024b   Thumb Code     0  startup_stm32f40_41xxx.o(.text)
    CAN2_SCE_IRQHandler                      0x0800024b   Thumb Code     0  startup_stm32f40_41xxx.o(.text)
    CAN2_TX_IRQHandler                       0x0800024b   Thumb Code     0  startup_stm32f40_41xxx.o(.text)
    CRYP_IRQHandler                          0x0800024b   Thumb Code     0  startup_stm32f40_41xxx.o(.text)
    DCMI_IRQHandler                          0x0800024b   Thumb Code     0  startup_stm32f40_41xxx.o(.text)
    DMA1_Stream0_IRQHandler                  0x0800024b   Thumb Code     0  startup_stm32f40_41xxx.o(.text)
    DMA1_Stream1_IRQHandler                  0x0800024b   Thumb Code     0  startup_stm32f40_41xxx.o(.text)
    DMA1_Stream2_IRQHandler                  0x0800024b   Thumb Code     0  startup_stm32f40_41xxx.o(.text)
    DMA1_Stream3_IRQHandler                  0x0800024b   Thumb Code     0  startup_stm32f40_41xxx.o(.text)
    DMA1_Stream4_IRQHandler                  0x0800024b   Thumb Code     0  startup_stm32f40_41xxx.o(.text)
    DMA1_Stream5_IRQHandler                  0x0800024b   Thumb Code     0  startup_stm32f40_41xxx.o(.text)
    DMA1_Stream6_IRQHandler                  0x0800024b   Thumb Code     0  startup_stm32f40_41xxx.o(.text)
    DMA1_Stream7_IRQHandler                  0x0800024b   Thumb Code     0  startup_stm32f40_41xxx.o(.text)
    DMA2_Stream0_IRQHandler                  0x0800024b   Thumb Code     0  startup_stm32f40_41xxx.o(.text)
    DMA2_Stream1_IRQHandler                  0x0800024b   Thumb Code     0  startup_stm32f40_41xxx.o(.text)
    DMA2_Stream2_IRQHandler                  0x0800024b   Thumb Code     0  startup_stm32f40_41xxx.o(.text)
    DMA2_Stream3_IRQHandler                  0x0800024b   Thumb Code     0  startup_stm32f40_41xxx.o(.text)
    DMA2_Stream4_IRQHandler                  0x0800024b   Thumb Code     0  startup_stm32f40_41xxx.o(.text)
    DMA2_Stream5_IRQHandler                  0x0800024b   Thumb Code     0  startup_stm32f40_41xxx.o(.text)
    DMA2_Stream6_IRQHandler                  0x0800024b   Thumb Code     0  startup_stm32f40_41xxx.o(.text)
    DMA2_Stream7_IRQHandler                  0x0800024b   Thumb Code     0  startup_stm32f40_41xxx.o(.text)
    ETH_IRQHandler                           0x0800024b   Thumb Code     0  startup_stm32f40_41xxx.o(.text)
    ETH_WKUP_IRQHandler                      0x0800024b   Thumb Code     0  startup_stm32f40_41xxx.o(.text)
    EXTI0_IRQHandler                         0x0800024b   Thumb Code     0  startup_stm32f40_41xxx.o(.text)
    EXTI15_10_IRQHandler                     0x0800024b   Thumb Code     0  startup_stm32f40_41xxx.o(.text)
    EXTI1_IRQHandler                         0x0800024b   Thumb Code     0  startup_stm32f40_41xxx.o(.text)
    EXTI2_IRQHandler                         0x0800024b   Thumb Code     0  startup_stm32f40_41xxx.o(.text)
    EXTI3_IRQHandler                         0x0800024b   Thumb Code     0  startup_stm32f40_41xxx.o(.text)
    EXTI4_IRQHandler                         0x0800024b   Thumb Code     0  startup_stm32f40_41xxx.o(.text)
    EXTI9_5_IRQHandler                       0x0800024b   Thumb Code     0  startup_stm32f40_41xxx.o(.text)
    FLASH_IRQHandler                         0x0800024b   Thumb Code     0  startup_stm32f40_41xxx.o(.text)
    FPU_IRQHandler                           0x0800024b   Thumb Code     0  startup_stm32f40_41xxx.o(.text)
    FSMC_IRQHandler                          0x0800024b   Thumb Code     0  startup_stm32f40_41xxx.o(.text)
    HASH_RNG_IRQHandler                      0x0800024b   Thumb Code     0  startup_stm32f40_41xxx.o(.text)
    I2C1_ER_IRQHandler                       0x0800024b   Thumb Code     0  startup_stm32f40_41xxx.o(.text)
    I2C1_EV_IRQHandler                       0x0800024b   Thumb Code     0  startup_stm32f40_41xxx.o(.text)
    I2C2_ER_IRQHandler                       0x0800024b   Thumb Code     0  startup_stm32f40_41xxx.o(.text)
    I2C2_EV_IRQHandler                       0x0800024b   Thumb Code     0  startup_stm32f40_41xxx.o(.text)
    I2C3_ER_IRQHandler                       0x0800024b   Thumb Code     0  startup_stm32f40_41xxx.o(.text)
    I2C3_EV_IRQHandler                       0x0800024b   Thumb Code     0  startup_stm32f40_41xxx.o(.text)
    OTG_FS_IRQHandler                        0x0800024b   Thumb Code     0  startup_stm32f40_41xxx.o(.text)
    OTG_FS_WKUP_IRQHandler                   0x0800024b   Thumb Code     0  startup_stm32f40_41xxx.o(.text)
    OTG_HS_EP1_IN_IRQHandler                 0x0800024b   Thumb Code     0  startup_stm32f40_41xxx.o(.text)
    OTG_HS_EP1_OUT_IRQHandler                0x0800024b   Thumb Code     0  startup_stm32f40_41xxx.o(.text)
    OTG_HS_IRQHandler                        0x0800024b   Thumb Code     0  startup_stm32f40_41xxx.o(.text)
    OTG_HS_WKUP_IRQHandler                   0x0800024b   Thumb Code     0  startup_stm32f40_41xxx.o(.text)
    PVD_IRQHandler                           0x0800024b   Thumb Code     0  startup_stm32f40_41xxx.o(.text)
    RCC_IRQHandler                           0x0800024b   Thumb Code     0  startup_stm32f40_41xxx.o(.text)
    RTC_Alarm_IRQHandler                     0x0800024b   Thumb Code     0  startup_stm32f40_41xxx.o(.text)
    RTC_WKUP_IRQHandler                      0x0800024b   Thumb Code     0  startup_stm32f40_41xxx.o(.text)
    SDIO_IRQHandler                          0x0800024b   Thumb Code     0  startup_stm32f40_41xxx.o(.text)
    SPI1_IRQHandler                          0x0800024b   Thumb Code     0  startup_stm32f40_41xxx.o(.text)
    SPI2_IRQHandler                          0x0800024b   Thumb Code     0  startup_stm32f40_41xxx.o(.text)
    SPI3_IRQHandler                          0x0800024b   Thumb Code     0  startup_stm32f40_41xxx.o(.text)
    TAMP_STAMP_IRQHandler                    0x0800024b   Thumb Code     0  startup_stm32f40_41xxx.o(.text)
    TIM1_BRK_TIM9_IRQHandler                 0x0800024b   Thumb Code     0  startup_stm32f40_41xxx.o(.text)
    TIM1_CC_IRQHandler                       0x0800024b   Thumb Code     0  startup_stm32f40_41xxx.o(.text)
    TIM1_TRG_COM_TIM11_IRQHandler            0x0800024b   Thumb Code     0  startup_stm32f40_41xxx.o(.text)
    TIM1_UP_TIM10_IRQHandler                 0x0800024b   Thumb Code     0  startup_stm32f40_41xxx.o(.text)
    TIM2_IRQHandler                          0x0800024b   Thumb Code     0  startup_stm32f40_41xxx.o(.text)
    TIM4_IRQHandler                          0x0800024b   Thumb Code     0  startup_stm32f40_41xxx.o(.text)
    TIM5_IRQHandler                          0x0800024b   Thumb Code     0  startup_stm32f40_41xxx.o(.text)
    TIM6_DAC_IRQHandler                      0x0800024b   Thumb Code     0  startup_stm32f40_41xxx.o(.text)
    TIM7_IRQHandler                          0x0800024b   Thumb Code     0  startup_stm32f40_41xxx.o(.text)
    TIM8_BRK_TIM12_IRQHandler                0x0800024b   Thumb Code     0  startup_stm32f40_41xxx.o(.text)
    TIM8_CC_IRQHandler                       0x0800024b   Thumb Code     0  startup_stm32f40_41xxx.o(.text)
    TIM8_TRG_COM_TIM14_IRQHandler            0x0800024b   Thumb Code     0  startup_stm32f40_41xxx.o(.text)
    TIM8_UP_TIM13_IRQHandler                 0x0800024b   Thumb Code     0  startup_stm32f40_41xxx.o(.text)
    UART4_IRQHandler                         0x0800024b   Thumb Code     0  startup_stm32f40_41xxx.o(.text)
    UART5_IRQHandler                         0x0800024b   Thumb Code     0  startup_stm32f40_41xxx.o(.text)
    USART3_IRQHandler                        0x0800024b   Thumb Code     0  startup_stm32f40_41xxx.o(.text)
    USART6_IRQHandler                        0x0800024b   Thumb Code     0  startup_stm32f40_41xxx.o(.text)
    WWDG_IRQHandler                          0x0800024b   Thumb Code     0  startup_stm32f40_41xxx.o(.text)
    __user_initial_stackheap                 0x0800024d   Thumb Code     0  startup_stm32f40_41xxx.o(.text)
    __2printf                                0x08000271   Thumb Code    20  noretval__2printf.o(.text)
    __printf                                 0x08000289   Thumb Code   104  __printf.o(.text)
    _printf_int_hex                          0x080002f1   Thumb Code    84  _printf_hex_int.o(.text)
    _printf_longlong_hex                     0x080002f1   Thumb Code     0  _printf_hex_int.o(.text)
    __aeabi_memcpy                           0x08000349   Thumb Code     0  rt_memcpy_v6.o(.text)
    __rt_memcpy                              0x08000349   Thumb Code   138  rt_memcpy_v6.o(.text)
    _memcpy_lastbytes                        0x080003af   Thumb Code     0  rt_memcpy_v6.o(.text)
    __use_two_region_memory                  0x080003d3   Thumb Code     2  heapauxi.o(.text)
    __rt_heap_escrow$2region                 0x080003d5   Thumb Code     2  heapauxi.o(.text)
    __rt_heap_expand$2region                 0x080003d7   Thumb Code     2  heapauxi.o(.text)
    _printf_int_common                       0x080003d9   Thumb Code   178  _printf_intcommon.o(.text)
    _printf_char_file                        0x0800048d   Thumb Code    32  _printf_char_file.o(.text)
    __aeabi_memcpy4                          0x080004b1   Thumb Code     0  rt_memcpy_w.o(.text)
    __aeabi_memcpy8                          0x080004b1   Thumb Code     0  rt_memcpy_w.o(.text)
    __rt_memcpy_w                            0x080004b1   Thumb Code   100  rt_memcpy_w.o(.text)
    _memcpy_lastbytes_aligned                0x080004f9   Thumb Code     0  rt_memcpy_w.o(.text)
    _printf_char_common                      0x0800051f   Thumb Code    32  _printf_char_common.o(.text)
    ferror                                   0x08000545   Thumb Code     8  ferror.o(.text)
    __user_setup_stackheap                   0x0800054d   Thumb Code    74  sys_stackheap_outer.o(.text)
    exit                                     0x08000597   Thumb Code    12  exit.o(.text)
    __user_libspace                          0x080005a5   Thumb Code     8  libspace.o(.text)
    __user_perproc_libspace                  0x080005a5   Thumb Code     0  libspace.o(.text)
    __user_perthread_libspace                0x080005a5   Thumb Code     0  libspace.o(.text)
    _sys_exit                                0x080005ad   Thumb Code     8  sys_exit.o(.text)
    __I$use$semihosting                      0x080005b9   Thumb Code     0  use_no_semi.o(.text)
    __use_no_semihosting_swi                 0x080005b9   Thumb Code     2  use_no_semi.o(.text)
    BusFault_Handler                         0x080005bb   Thumb Code     2  stm32f4xx_it.o(i.BusFault_Handler)
    __semihosting_library_function           0x080005bb   Thumb Code     0  indicate_semi.o(.text)
    DebugMon_Handler                         0x080005bd   Thumb Code     2  stm32f4xx_it.o(i.DebugMon_Handler)
    GPIO_Init                                0x080005bf   Thumb Code   120  stm32f4xx_gpio.o(i.GPIO_Init)
    GPIO_PinAFConfig                         0x08000637   Thumb Code    32  stm32f4xx_gpio.o(i.GPIO_PinAFConfig)
    GPIO_SetBits                             0x08000657   Thumb Code     4  stm32f4xx_gpio.o(i.GPIO_SetBits)
    HardFault_Handler                        0x0800065b   Thumb Code     2  stm32f4xx_it.o(i.HardFault_Handler)
    MemManage_Handler                        0x0800065d   Thumb Code     2  stm32f4xx_it.o(i.MemManage_Handler)
    NMI_Handler                              0x0800065f   Thumb Code     2  stm32f4xx_it.o(i.NMI_Handler)
    NVIC_Init                                0x08000661   Thumb Code    96  misc.o(i.NVIC_Init)
    NVIC_PriorityGroupConfig                 0x080006c5   Thumb Code    10  misc.o(i.NVIC_PriorityGroupConfig)
    RCC_AHB1PeriphClockCmd                   0x080006d9   Thumb Code    18  stm32f4xx_rcc.o(i.RCC_AHB1PeriphClockCmd)
    RCC_APB1PeriphClockCmd                   0x080006f1   Thumb Code    18  stm32f4xx_rcc.o(i.RCC_APB1PeriphClockCmd)
    RCC_APB2PeriphClockCmd                   0x08000709   Thumb Code    18  stm32f4xx_rcc.o(i.RCC_APB2PeriphClockCmd)
    RCC_GetClocksFreq                        0x08000721   Thumb Code   132  stm32f4xx_rcc.o(i.RCC_GetClocksFreq)
    SVC_Handler                              0x080007b1   Thumb Code     2  stm32f4xx_it.o(i.SVC_Handler)
    SystemInit                               0x08000869   Thumb Code    74  system_stm32f4xx.o(i.SystemInit)
    TIM3_IRQHandler                          0x080008c5   Thumb Code    34  tim.o(i.TIM3_IRQHandler)
    TIM_ClearITPendingBit                    0x080008ed   Thumb Code     6  stm32f4xx_tim.o(i.TIM_ClearITPendingBit)
    TIM_Cmd                                  0x080008f3   Thumb Code    20  stm32f4xx_tim.o(i.TIM_Cmd)
    TIM_GetITStatus                          0x08000907   Thumb Code    24  stm32f4xx_tim.o(i.TIM_GetITStatus)
    TIM_ITConfig                             0x0800091f   Thumb Code    16  stm32f4xx_tim.o(i.TIM_ITConfig)
    TIM_SetCounter                           0x0800092f   Thumb Code     4  stm32f4xx_tim.o(i.TIM_SetCounter)
    TIM_TimeBaseInit                         0x08000935   Thumb Code    96  stm32f4xx_tim.o(i.TIM_TimeBaseInit)
    USART1_IRQHandler                        0x080009b1   Thumb Code    40  usart.o(i.USART1_IRQHandler)
    USART2_IRQHandler                        0x080009dd   Thumb Code    66  usart.o(i.USART2_IRQHandler)
    USART_ClearFlag                          0x08000a25   Thumb Code     6  stm32f4xx_usart.o(i.USART_ClearFlag)
    USART_ClearITPendingBit                  0x08000a2b   Thumb Code    12  stm32f4xx_usart.o(i.USART_ClearITPendingBit)
    USART_Cmd                                0x08000a37   Thumb Code    20  stm32f4xx_usart.o(i.USART_Cmd)
    USART_GetFlagStatus                      0x08000a4b   Thumb Code    14  stm32f4xx_usart.o(i.USART_GetFlagStatus)
    USART_GetITStatus                        0x08000a59   Thumb Code    62  stm32f4xx_usart.o(i.USART_GetITStatus)
    USART_ITConfig                           0x08000a97   Thumb Code    48  stm32f4xx_usart.o(i.USART_ITConfig)
    USART_Init                               0x08000ac9   Thumb Code   164  stm32f4xx_usart.o(i.USART_Init)
    USART_ReceiveData                        0x08000b75   Thumb Code     8  stm32f4xx_usart.o(i.USART_ReceiveData)
    USART_SendData                           0x08000b7d   Thumb Code     8  stm32f4xx_usart.o(i.USART_SendData)
    UsageFault_Handler                       0x08000b85   Thumb Code     2  stm32f4xx_it.o(i.UsageFault_Handler)
    delay_ms                                 0x08000b89   Thumb Code    54  delay.o(i.delay_ms)
    eMBEnable                                0x08000bc5   Thumb Code    28  mb.o(i.eMBEnable)
    eMBFuncReadCoils                         0x08000be5   Thumb Code   114  mbfunccoils.o(i.eMBFuncReadCoils)
    eMBFuncReadDiscreteInputs                0x08000c57   Thumb Code   114  mbfuncdisc.o(i.eMBFuncReadDiscreteInputs)
    eMBFuncReadHoldingRegister               0x08000cc9   Thumb Code    94  mbfuncholding.o(i.eMBFuncReadHoldingRegister)
    eMBFuncReadInputRegister                 0x08000d27   Thumb Code    98  mbfuncinput.o(i.eMBFuncReadInputRegister)
    eMBFuncReadWriteMultipleHoldingRegister  0x08000d89   Thumb Code   156  mbfuncholding.o(i.eMBFuncReadWriteMultipleHoldingRegister)
    eMBFuncReportSlaveID                     0x08000e25   Thumb Code    26  mbfuncother.o(i.eMBFuncReportSlaveID)
    eMBFuncWriteCoil                         0x08000e49   Thumb Code    86  mbfunccoils.o(i.eMBFuncWriteCoil)
    eMBFuncWriteHoldingRegister              0x08000e9f   Thumb Code    50  mbfuncholding.o(i.eMBFuncWriteHoldingRegister)
    eMBFuncWriteMultipleCoils                0x08000ed1   Thumb Code   100  mbfunccoils.o(i.eMBFuncWriteMultipleCoils)
    eMBFuncWriteMultipleHoldingRegister      0x08000f35   Thumb Code    78  mbfuncholding.o(i.eMBFuncWriteMultipleHoldingRegister)
    eMBInit                                  0x08000f85   Thumb Code    96  mb.o(i.eMBInit)
    eMBPoll                                  0x08001005   Thumb Code   174  mb.o(i.eMBPoll)
    eMBRTUInit                               0x080010b9   Thumb Code    68  mbrtu.o(i.eMBRTUInit)
    eMBRTUReceive                            0x08001101   Thumb Code    72  mbrtu.o(i.eMBRTUReceive)
    eMBRTUSend                               0x08001151   Thumb Code    94  mbrtu.o(i.eMBRTUSend)
    eMBRTUStart                              0x080011b9   Thumb Code    32  mbrtu.o(i.eMBRTUStart)
    eMBRTUStop                               0x080011dd   Thumb Code    28  mbrtu.o(i.eMBRTUStop)
    eMBRegCoilsCB                            0x080011f9   Thumb Code   180  main.o(i.eMBRegCoilsCB)
    eMBRegDiscreteCB                         0x080012ed   Thumb Code   134  main.o(i.eMBRegDiscreteCB)
    eMBRegHoldingCB                          0x0800138d   Thumb Code   262  main.o(i.eMBRegHoldingCB)
    eMBRegInputCB                            0x08001505   Thumb Code    82  main.o(i.eMBRegInputCB)
    fputc                                    0x0800156d   Thumb Code    30  usart.o(i.fputc)
    led_init                                 0x08001591   Thumb Code   106  led.o(i.led_init)
    main                                     0x08001605   Thumb Code    68  main.o(i.main)
    prveMBError2Exception                    0x08001661   Thumb Code    24  mbutils.o(i.prveMBError2Exception)
    prvvTIMERExpiredISR                      0x08001679   Thumb Code     6  porttimer.o(i.prvvTIMERExpiredISR)
    prvvUARTRxISR                            0x08001685   Thumb Code     6  portserial.o(i.prvvUARTRxISR)
    prvvUARTTxReadyISR                       0x08001691   Thumb Code     6  portserial.o(i.prvvUARTTxReadyISR)
    rs485_init                               0x0800169d   Thumb Code   218  usart.o(i.rs485_init)
    tim3_init                                0x08001789   Thumb Code    96  tim.o(i.tim3_init)
    usMBCRC16                                0x080017ed   Thumb Code    38  mbcrc.o(i.usMBCRC16)
    usart1_init                              0x08001819   Thumb Code   164  usart.o(i.usart1_init)
    vMBPortSerialEnable                      0x080018c5   Thumb Code    46  portserial.o(i.vMBPortSerialEnable)
    vMBPortTimersDisable                     0x080018f9   Thumb Code    24  porttimer.o(i.vMBPortTimersDisable)
    vMBPortTimersEnable                      0x08001915   Thumb Code    42  porttimer.o(i.vMBPortTimersEnable)
    xMBPortEventGet                          0x08001945   Thumb Code    24  portevent.o(i.xMBPortEventGet)
    xMBPortEventInit                         0x08001961   Thumb Code    10  portevent.o(i.xMBPortEventInit)
    xMBPortEventPost                         0x08001971   Thumb Code    12  portevent.o(i.xMBPortEventPost)
    xMBPortSerialGetByte                     0x08001981   Thumb Code    28  portserial.o(i.xMBPortSerialGetByte)
    xMBPortSerialInit                        0x080019a1   Thumb Code     4  portserial.o(i.xMBPortSerialInit)
    xMBPortSerialPutByte                     0x080019a5   Thumb Code    28  portserial.o(i.xMBPortSerialPutByte)
    xMBPortTimersInit                        0x080019c5   Thumb Code    10  porttimer.o(i.xMBPortTimersInit)
    xMBRTUReceiveFSM                         0x080019d1   Thumb Code    88  mbrtu.o(i.xMBRTUReceiveFSM)
    xMBRTUTimerT35Expired                    0x08001a31   Thumb Code    34  mbrtu.o(i.xMBRTUTimerT35Expired)
    xMBRTUTransmitFSM                        0x08001a59   Thumb Code   104  mbrtu.o(i.xMBRTUTransmitFSM)
    _fp_init                                 0x08001ac9   Thumb Code    10  fpinit.o(x$fpl$fpinit)
    __fplib_config_fpu_vfp                   0x08001ad1   Thumb Code     0  fpinit.o(x$fpl$fpinit)
    __fplib_config_pureend_doubles           0x08001ad1   Thumb Code     0  fpinit.o(x$fpl$fpinit)
    Region$$Table$$Base                      0x08001cfc   Number         0  anon$$obj.o(Region$$Table)
    Region$$Table$$Limit                     0x08001d1c   Number         0  anon$$obj.o(Region$$Table)
    REG_HOLD_BUF                             0x20000000   Data          20  main.o(.data)
    SystemCoreClock                          0x20000014   Data           4  system_stm32f4xx.o(.data)
    AHBPrescTable                            0x20000018   Data          16  system_stm32f4xx.o(.data)
    __stdout                                 0x20000038   Data           4  usart.o(.data)
    pxMBFrameCBByteReceived                  0x2000005c   Data           4  mb.o(.data)
    pxMBFrameCBTransmitterEmpty              0x20000060   Data           4  mb.o(.data)
    pxMBPortCBTimerExpired                   0x20000064   Data           4  mb.o(.data)
    REG_INPUT_BUF                            0x200000f8   Data          20  main.o(.bss)
    REG_COILS_BUF                            0x2000010c   Data          10  main.o(.bss)
    REG_DISC_BUF                             0x20000116   Data          10  main.o(.bss)
    ucRTUBuf                                 0x20000120   Data         256  mbrtu.o(.bss)
    __libspace_start                         0x20000240   Data          96  libspace.o(.bss)
    __temporary_stack_top$libspace           0x200002a0   Data           0  libspace.o(.bss)



==============================================================================

Memory Map of the image

  Image Entry point : 0x08000189

  Load Region LR_IROM1 (Base: 0x08000000, Size: 0x00001e14, Max: 0x00080000, ABSOLUTE)

    Execution Region ER_IROM1 (Base: 0x08000000, Size: 0x00001d1c, Max: 0x00080000, ABSOLUTE)

    Base Addr    Size         Type   Attr      Idx    E Section Name        Object

    0x08000000   0x00000188   Data   RO          292    RESET               startup_stm32f40_41xxx.o
    0x08000188   0x00000008   Code   RO         2229  * !!!main             c_w.l(__main.o)
    0x08000190   0x00000034   Code   RO         2400    !!!scatter          c_w.l(__scatter.o)
    0x080001c4   0x0000001a   Code   RO         2402    !!handler_copy      c_w.l(__scatter_copy.o)
    0x080001de   0x00000002   PAD
    0x080001e0   0x0000001c   Code   RO         2404    !!handler_zi        c_w.l(__scatter_zi.o)
    0x080001fc   0x00000000   Code   RO         2224    .ARM.Collect$$_printf_percent$$00000000  c_w.l(_printf_percent.o)
    0x080001fc   0x00000006   Code   RO         2223    .ARM.Collect$$_printf_percent$$0000000C  c_w.l(_printf_x.o)
    0x08000202   0x00000004   Code   RO         2236    .ARM.Collect$$_printf_percent$$00000017  c_w.l(_printf_percent_end.o)
    0x08000206   0x00000002   Code   RO         2271    .ARM.Collect$$libinit$$00000000  c_w.l(libinit.o)
    0x08000208   0x00000004   Code   RO         2277    .ARM.Collect$$libinit$$00000001  c_w.l(libinit2.o)
    0x0800020c   0x00000000   Code   RO         2280    .ARM.Collect$$libinit$$00000004  c_w.l(libinit2.o)
    0x0800020c   0x00000000   Code   RO         2283    .ARM.Collect$$libinit$$0000000A  c_w.l(libinit2.o)
    0x0800020c   0x00000000   Code   RO         2285    .ARM.Collect$$libinit$$0000000C  c_w.l(libinit2.o)
    0x0800020c   0x00000000   Code   RO         2287    .ARM.Collect$$libinit$$0000000E  c_w.l(libinit2.o)
    0x0800020c   0x00000000   Code   RO         2290    .ARM.Collect$$libinit$$00000011  c_w.l(libinit2.o)
    0x0800020c   0x00000000   Code   RO         2292    .ARM.Collect$$libinit$$00000013  c_w.l(libinit2.o)
    0x0800020c   0x00000000   Code   RO         2294    .ARM.Collect$$libinit$$00000015  c_w.l(libinit2.o)
    0x0800020c   0x00000000   Code   RO         2296    .ARM.Collect$$libinit$$00000017  c_w.l(libinit2.o)
    0x0800020c   0x00000000   Code   RO         2298    .ARM.Collect$$libinit$$00000019  c_w.l(libinit2.o)
    0x0800020c   0x00000000   Code   RO         2300    .ARM.Collect$$libinit$$0000001B  c_w.l(libinit2.o)
    0x0800020c   0x00000000   Code   RO         2302    .ARM.Collect$$libinit$$0000001D  c_w.l(libinit2.o)
    0x0800020c   0x00000000   Code   RO         2304    .ARM.Collect$$libinit$$0000001F  c_w.l(libinit2.o)
    0x0800020c   0x00000000   Code   RO         2306    .ARM.Collect$$libinit$$00000021  c_w.l(libinit2.o)
    0x0800020c   0x00000000   Code   RO         2308    .ARM.Collect$$libinit$$00000023  c_w.l(libinit2.o)
    0x0800020c   0x00000000   Code   RO         2310    .ARM.Collect$$libinit$$00000025  c_w.l(libinit2.o)
    0x0800020c   0x00000000   Code   RO         2314    .ARM.Collect$$libinit$$0000002C  c_w.l(libinit2.o)
    0x0800020c   0x00000000   Code   RO         2316    .ARM.Collect$$libinit$$0000002E  c_w.l(libinit2.o)
    0x0800020c   0x00000000   Code   RO         2318    .ARM.Collect$$libinit$$00000030  c_w.l(libinit2.o)
    0x0800020c   0x00000000   Code   RO         2320    .ARM.Collect$$libinit$$00000032  c_w.l(libinit2.o)
    0x0800020c   0x00000002   Code   RO         2321    .ARM.Collect$$libinit$$00000033  c_w.l(libinit2.o)
    0x0800020e   0x00000002   Code   RO         2341    .ARM.Collect$$libshutdown$$00000000  c_w.l(libshutdown.o)
    0x08000210   0x00000000   Code   RO         2355    .ARM.Collect$$libshutdown$$00000003  c_w.l(libshutdown2.o)
    0x08000210   0x00000000   Code   RO         2358    .ARM.Collect$$libshutdown$$00000006  c_w.l(libshutdown2.o)
    0x08000210   0x00000000   Code   RO         2361    .ARM.Collect$$libshutdown$$00000009  c_w.l(libshutdown2.o)
    0x08000210   0x00000000   Code   RO         2363    .ARM.Collect$$libshutdown$$0000000B  c_w.l(libshutdown2.o)
    0x08000210   0x00000000   Code   RO         2366    .ARM.Collect$$libshutdown$$0000000E  c_w.l(libshutdown2.o)
    0x08000210   0x00000002   Code   RO         2367    .ARM.Collect$$libshutdown$$0000000F  c_w.l(libshutdown2.o)
    0x08000212   0x00000000   Code   RO         2231    .ARM.Collect$$rtentry$$00000000  c_w.l(__rtentry.o)
    0x08000212   0x00000000   Code   RO         2240    .ARM.Collect$$rtentry$$00000002  c_w.l(__rtentry2.o)
    0x08000212   0x00000006   Code   RO         2252    .ARM.Collect$$rtentry$$00000004  c_w.l(__rtentry4.o)
    0x08000218   0x00000000   Code   RO         2242    .ARM.Collect$$rtentry$$00000009  c_w.l(__rtentry2.o)
    0x08000218   0x00000004   Code   RO         2243    .ARM.Collect$$rtentry$$0000000A  c_w.l(__rtentry2.o)
    0x0800021c   0x00000000   Code   RO         2245    .ARM.Collect$$rtentry$$0000000C  c_w.l(__rtentry2.o)
    0x0800021c   0x00000008   Code   RO         2246    .ARM.Collect$$rtentry$$0000000D  c_w.l(__rtentry2.o)
    0x08000224   0x00000002   Code   RO         2275    .ARM.Collect$$rtexit$$00000000  c_w.l(rtexit.o)
    0x08000226   0x00000000   Code   RO         2323    .ARM.Collect$$rtexit$$00000002  c_w.l(rtexit2.o)
    0x08000226   0x00000004   Code   RO         2324    .ARM.Collect$$rtexit$$00000003  c_w.l(rtexit2.o)
    0x0800022a   0x00000006   Code   RO         2325    .ARM.Collect$$rtexit$$00000004  c_w.l(rtexit2.o)
    0x08000230   0x00000040   Code   RO          293    .text               startup_stm32f40_41xxx.o
    0x08000270   0x00000018   Code   RO         2178    .text               c_w.l(noretval__2printf.o)
    0x08000288   0x00000068   Code   RO         2180    .text               c_w.l(__printf.o)
    0x080002f0   0x00000058   Code   RO         2185    .text               c_w.l(_printf_hex_int.o)
    0x08000348   0x0000008a   Code   RO         2225    .text               c_w.l(rt_memcpy_v6.o)
    0x080003d2   0x00000006   Code   RO         2227    .text               c_w.l(heapauxi.o)
    0x080003d8   0x000000b2   Code   RO         2232    .text               c_w.l(_printf_intcommon.o)
    0x0800048a   0x00000002   PAD
    0x0800048c   0x00000024   Code   RO         2234    .text               c_w.l(_printf_char_file.o)
    0x080004b0   0x00000064   Code   RO         2237    .text               c_w.l(rt_memcpy_w.o)
    0x08000514   0x00000030   Code   RO         2254    .text               c_w.l(_printf_char_common.o)
    0x08000544   0x00000008   Code   RO         2256    .text               c_w.l(ferror.o)
    0x0800054c   0x0000004a   Code   RO         2260    .text               c_w.l(sys_stackheap_outer.o)
    0x08000596   0x0000000c   Code   RO         2264    .text               c_w.l(exit.o)
    0x080005a2   0x00000002   PAD
    0x080005a4   0x00000008   Code   RO         2272    .text               c_w.l(libspace.o)
    0x080005ac   0x0000000c   Code   RO         2333    .text               c_w.l(sys_exit.o)
    0x080005b8   0x00000002   Code   RO         2344    .text               c_w.l(use_no_semi.o)
    0x080005ba   0x00000000   Code   RO         2346    .text               c_w.l(indicate_semi.o)
    0x080005ba   0x00000002   Code   RO          196    i.BusFault_Handler  stm32f4xx_it.o
    0x080005bc   0x00000002   Code   RO          197    i.DebugMon_Handler  stm32f4xx_it.o
    0x080005be   0x00000078   Code   RO          370    i.GPIO_Init         stm32f4xx_gpio.o
    0x08000636   0x00000020   Code   RO          371    i.GPIO_PinAFConfig  stm32f4xx_gpio.o
    0x08000656   0x00000004   Code   RO          378    i.GPIO_SetBits      stm32f4xx_gpio.o
    0x0800065a   0x00000002   Code   RO          198    i.HardFault_Handler  stm32f4xx_it.o
    0x0800065c   0x00000002   Code   RO          199    i.MemManage_Handler  stm32f4xx_it.o
    0x0800065e   0x00000002   Code   RO          200    i.NMI_Handler       stm32f4xx_it.o
    0x08000660   0x00000064   Code   RO          299    i.NVIC_Init         misc.o
    0x080006c4   0x00000014   Code   RO          300    i.NVIC_PriorityGroupConfig  misc.o
    0x080006d8   0x00000018   Code   RO          467    i.RCC_AHB1PeriphClockCmd  stm32f4xx_rcc.o
    0x080006f0   0x00000018   Code   RO          476    i.RCC_APB1PeriphClockCmd  stm32f4xx_rcc.o
    0x08000708   0x00000018   Code   RO          479    i.RCC_APB2PeriphClockCmd  stm32f4xx_rcc.o
    0x08000720   0x00000090   Code   RO          488    i.RCC_GetClocksFreq  stm32f4xx_rcc.o
    0x080007b0   0x00000002   Code   RO          201    i.SVC_Handler       stm32f4xx_it.o
    0x080007b2   0x00000002   PAD
    0x080007b4   0x000000b4   Code   RO          255    i.SetSysClock       system_stm32f4xx.o
    0x08000868   0x0000005c   Code   RO          257    i.SystemInit        system_stm32f4xx.o
    0x080008c4   0x00000028   Code   RO         1600    i.TIM3_IRQHandler   tim.o
    0x080008ec   0x00000006   Code   RO          998    i.TIM_ClearITPendingBit  stm32f4xx_tim.o
    0x080008f2   0x00000014   Code   RO         1003    i.TIM_Cmd           stm32f4xx_tim.o
    0x08000906   0x00000018   Code   RO         1024    i.TIM_GetITStatus   stm32f4xx_tim.o
    0x0800091e   0x00000010   Code   RO         1028    i.TIM_ITConfig      stm32f4xx_tim.o
    0x0800092e   0x00000004   Code   RO         1069    i.TIM_SetCounter    stm32f4xx_tim.o
    0x08000932   0x00000002   PAD
    0x08000934   0x0000007c   Code   RO         1075    i.TIM_TimeBaseInit  stm32f4xx_tim.o
    0x080009b0   0x0000002c   Code   RO         1536    i.USART1_IRQHandler  usart.o
    0x080009dc   0x00000048   Code   RO         1537    i.USART2_IRQHandler  usart.o
    0x08000a24   0x00000006   Code   RO          801    i.USART_ClearFlag   stm32f4xx_usart.o
    0x08000a2a   0x0000000c   Code   RO          802    i.USART_ClearITPendingBit  stm32f4xx_usart.o
    0x08000a36   0x00000014   Code   RO          805    i.USART_Cmd         stm32f4xx_usart.o
    0x08000a4a   0x0000000e   Code   RO          808    i.USART_GetFlagStatus  stm32f4xx_usart.o
    0x08000a58   0x0000003e   Code   RO          809    i.USART_GetITStatus  stm32f4xx_usart.o
    0x08000a96   0x00000030   Code   RO          811    i.USART_ITConfig    stm32f4xx_usart.o
    0x08000ac6   0x00000002   PAD
    0x08000ac8   0x000000ac   Code   RO          812    i.USART_Init        stm32f4xx_usart.o
    0x08000b74   0x00000008   Code   RO          819    i.USART_ReceiveData  stm32f4xx_usart.o
    0x08000b7c   0x00000008   Code   RO          822    i.USART_SendData    stm32f4xx_usart.o
    0x08000b84   0x00000002   Code   RO          202    i.UsageFault_Handler  stm32f4xx_it.o
    0x08000b86   0x00000002   PAD
    0x08000b88   0x0000003c   Code   RO         1664    i.delay_ms          delay.o
    0x08000bc4   0x00000020   Code   RO         1692    i.eMBEnable         mb.o
    0x08000be4   0x00000072   Code   RO         1863    i.eMBFuncReadCoils  mbfunccoils.o
    0x08000c56   0x00000072   Code   RO         1898    i.eMBFuncReadDiscreteInputs  mbfuncdisc.o
    0x08000cc8   0x0000005e   Code   RO         1918    i.eMBFuncReadHoldingRegister  mbfuncholding.o
    0x08000d26   0x00000062   Code   RO         1956    i.eMBFuncReadInputRegister  mbfuncinput.o
    0x08000d88   0x0000009c   Code   RO         1919    i.eMBFuncReadWriteMultipleHoldingRegister  mbfuncholding.o
    0x08000e24   0x00000024   Code   RO         1976    i.eMBFuncReportSlaveID  mbfuncother.o
    0x08000e48   0x00000056   Code   RO         1864    i.eMBFuncWriteCoil  mbfunccoils.o
    0x08000e9e   0x00000032   Code   RO         1920    i.eMBFuncWriteHoldingRegister  mbfuncholding.o
    0x08000ed0   0x00000064   Code   RO         1865    i.eMBFuncWriteMultipleCoils  mbfunccoils.o
    0x08000f34   0x0000004e   Code   RO         1921    i.eMBFuncWriteMultipleHoldingRegister  mbfuncholding.o
    0x08000f82   0x00000002   PAD
    0x08000f84   0x00000080   Code   RO         1693    i.eMBInit           mb.o
    0x08001004   0x000000b4   Code   RO         1694    i.eMBPoll           mb.o
    0x080010b8   0x00000048   Code   RO         1794    i.eMBRTUInit        mbrtu.o
    0x08001100   0x00000050   Code   RO         1795    i.eMBRTUReceive     mbrtu.o
    0x08001150   0x00000068   Code   RO         1796    i.eMBRTUSend        mbrtu.o
    0x080011b8   0x00000024   Code   RO         1797    i.eMBRTUStart       mbrtu.o
    0x080011dc   0x0000001c   Code   RO         1798    i.eMBRTUStop        mbrtu.o
    0x080011f8   0x000000f4   Code   RO            3    i.eMBRegCoilsCB     main.o
    0x080012ec   0x000000a0   Code   RO            4    i.eMBRegDiscreteCB  main.o
    0x0800138c   0x00000178   Code   RO            5    i.eMBRegHoldingCB   main.o
    0x08001504   0x00000068   Code   RO            6    i.eMBRegInputCB     main.o
    0x0800156c   0x00000024   Code   RO         1538    i.fputc             usart.o
    0x08001590   0x00000074   Code   RO         1626    i.led_init          led.o
    0x08001604   0x0000005c   Code   RO            7    i.main              main.o
    0x08001660   0x00000018   Code   RO         2005    i.prveMBError2Exception  mbutils.o
    0x08001678   0x0000000c   Code   RO         2138    i.prvvTIMERExpiredISR  porttimer.o
    0x08001684   0x0000000c   Code   RO         2088    i.prvvUARTRxISR     portserial.o
    0x08001690   0x0000000c   Code   RO         2089    i.prvvUARTTxReadyISR  portserial.o
    0x0800169c   0x000000ec   Code   RO         1539    i.rs485_init        usart.o
    0x08001788   0x00000064   Code   RO         1601    i.tim3_init         tim.o
    0x080017ec   0x0000002c   Code   RO         1772    i.usMBCRC16         mbcrc.o
    0x08001818   0x000000ac   Code   RO         1541    i.usart1_init       usart.o
    0x080018c4   0x00000034   Code   RO         2090    i.vMBPortSerialEnable  portserial.o
    0x080018f8   0x0000001c   Code   RO         2139    i.vMBPortTimersDisable  porttimer.o
    0x08001914   0x00000030   Code   RO         2140    i.vMBPortTimersEnable  porttimer.o
    0x08001944   0x0000001c   Code   RO         2054    i.xMBPortEventGet   portevent.o
    0x08001960   0x00000010   Code   RO         2055    i.xMBPortEventInit  portevent.o
    0x08001970   0x00000010   Code   RO         2056    i.xMBPortEventPost  portevent.o
    0x08001980   0x00000020   Code   RO         2091    i.xMBPortSerialGetByte  portserial.o
    0x080019a0   0x00000004   Code   RO         2092    i.xMBPortSerialInit  portserial.o
    0x080019a4   0x00000020   Code   RO         2093    i.xMBPortSerialPutByte  portserial.o
    0x080019c4   0x0000000a   Code   RO         2141    i.xMBPortTimersInit  porttimer.o
    0x080019ce   0x00000002   PAD
    0x080019d0   0x00000060   Code   RO         1799    i.xMBRTUReceiveFSM  mbrtu.o
    0x08001a30   0x00000028   Code   RO         1800    i.xMBRTUTimerT35Expired  mbrtu.o
    0x08001a58   0x00000070   Code   RO         1801    i.xMBRTUTransmitFSM  mbrtu.o
    0x08001ac8   0x0000000a   Code   RO         2331    x$fpl$fpinit        fz_wm.l(fpinit.o)
    0x08001ad2   0x00000200   Data   RO         1773    .constdata          mbcrc.o
    0x08001cd2   0x00000028   Data   RO         2186    .constdata          c_w.l(_printf_hex_int.o)
    0x08001cfa   0x00000002   PAD
    0x08001cfc   0x00000020   Data   RO         2398    Region$$Table       anon$$obj.o


    Execution Region RW_IRAM1 (Base: 0x20000000, Size: 0x000062a0, Max: 0x00020000, ABSOLUTE)

    Base Addr    Size         Type   Attr      Idx    E Section Name        Object

    0x20000000   0x00000014   Data   RW            9    .data               main.o
    0x20000014   0x00000014   Data   RW          258    .data               system_stm32f4xx.o
    0x20000028   0x00000010   Data   RW          520    .data               stm32f4xx_rcc.o
    0x20000038   0x00000004   Data   RW         1543    .data               usart.o
    0x2000003c   0x000000ac   Data   RW         1696    .data               mb.o
    0x200000e8   0x0000000c   Data   RW         1803    .data               mbrtu.o
    0x200000f4   0x00000002   Data   RW         1979    .data               mbfuncother.o
    0x200000f6   0x00000002   Data   RW         2057    .data               portevent.o
    0x200000f8   0x00000028   Zero   RW            8    .bss                main.o
    0x20000120   0x00000100   Zero   RW         1802    .bss                mbrtu.o
    0x20000220   0x00000020   Zero   RW         1978    .bss                mbfuncother.o
    0x20000240   0x00000060   Zero   RW         2273    .bss                c_w.l(libspace.o)
    0x200002a0   0x00002000   Zero   RW          291    HEAP                startup_stm32f40_41xxx.o
    0x200022a0   0x00004000   Zero   RW          290    STACK               startup_stm32f40_41xxx.o


==============================================================================

Image component sizes


      Code (inc. data)   RO Data    RW Data    ZI Data      Debug   Object Name

        60          6          0          0          0        543   delay.o
       116         10          0          0          0        635   led.o
       976        250          0         20         40      61305   main.o
       340         42          0        172          0       6448   mb.o
        44          6        512          0          0       1344   mbcrc.o
       300          0          0          0          0       3746   mbfunccoils.o
       114          0          0          0          0       1608   mbfuncdisc.o
       378          0          0          0          0       5119   mbfuncholding.o
        98          0          0          0          0       1615   mbfuncinput.o
        36         10          0          2         32       1531   mbfuncother.o
       568         48          0         12        256       7423   mbrtu.o
        24          0          0          0          0        700   mbutils.o
       120         14          0          0          0     231083   misc.o
        60         14          0          2          0       2392   portevent.o
       144         26          0          0          0       4045   portserial.o
        98         16          0          0          0       2323   porttimer.o
        64         26        392          0      24576        888   startup_stm32f40_41xxx.o
       156          0          0          0          0       2530   stm32f4xx_gpio.o
        14          0          0          0          0       3463   stm32f4xx_it.o
       216         30          0         16          0       5099   stm32f4xx_rcc.o
       194         28          0          0          0       5626   stm32f4xx_tim.o
       350          8          0          0          0       7081   stm32f4xx_usart.o
       272         36          0         20          0       1945   system_stm32f4xx.o
       140         10          0          0          0       1218   tim.o
       560         42          0          4          0       5513   usart.o

    ----------------------------------------------------------------------
      5454        622        936        248      24904     365223   Object Totals
         0          0         32          0          0          0   (incl. Generated)
        12          0          0          0          0          0   (incl. Padding)

    ----------------------------------------------------------------------

      Code (inc. data)   RO Data    RW Data    ZI Data      Debug   Library Member Name

         8          0          0          0          0         68   __main.o
       104          0          0          0          0         84   __printf.o
         0          0          0          0          0          0   __rtentry.o
        12          0          0          0          0          0   __rtentry2.o
         6          0          0          0          0          0   __rtentry4.o
        52          8          0          0          0          0   __scatter.o
        26          0          0          0          0          0   __scatter_copy.o
        28          0          0          0          0          0   __scatter_zi.o
        48          6          0          0          0         96   _printf_char_common.o
        36          4          0          0          0         80   _printf_char_file.o
        88          4         40          0          0         88   _printf_hex_int.o
       178          0          0          0          0         88   _printf_intcommon.o
         0          0          0          0          0          0   _printf_percent.o
         4          0          0          0          0          0   _printf_percent_end.o
         6          0          0          0          0          0   _printf_x.o
        12          0          0          0          0         72   exit.o
         8          0          0          0          0         68   ferror.o
         6          0          0          0          0        152   heapauxi.o
         0          0          0          0          0          0   indicate_semi.o
         2          0          0          0          0          0   libinit.o
         6          0          0          0          0          0   libinit2.o
         2          0          0          0          0          0   libshutdown.o
         2          0          0          0          0          0   libshutdown2.o
         8          4          0          0         96         68   libspace.o
        24          4          0          0          0         84   noretval__2printf.o
       138          0          0          0          0         68   rt_memcpy_v6.o
       100          0          0          0          0         80   rt_memcpy_w.o
         2          0          0          0          0          0   rtexit.o
        10          0          0          0          0          0   rtexit2.o
        12          4          0          0          0         68   sys_exit.o
        74          0          0          0          0         80   sys_stackheap_outer.o
         2          0          0          0          0         68   use_no_semi.o
        10          0          0          0          0        116   fpinit.o

    ----------------------------------------------------------------------
      1020         34         42          0         96       1428   Library Totals
         6          0          2          0          0          0   (incl. Padding)

    ----------------------------------------------------------------------

      Code (inc. data)   RO Data    RW Data    ZI Data      Debug   Library Name

      1004         34         40          0         96       1312   c_w.l
        10          0          0          0          0        116   fz_wm.l

    ----------------------------------------------------------------------
      1020         34         42          0         96       1428   Library Totals

    ----------------------------------------------------------------------

==============================================================================


      Code (inc. data)   RO Data    RW Data    ZI Data      Debug   

      6474        656        978        248      25000     358427   Grand Totals
      6474        656        978        248      25000     358427   ELF Image Totals
      6474        656        978        248          0          0   ROM Totals

==============================================================================

    Total RO  Size (Code + RO Data)                 7452 (   7.28kB)
    Total RW  Size (RW Data + ZI Data)             25248 (  24.66kB)
    Total ROM Size (Code + RO Data + RW Data)       7700 (   7.52kB)

==============================================================================

